Archive member included to satisfy reference by file (symbol)

c:/program files (x86)/atmel/studio/7.0/toolchain/arm/arm-gnu-toolchain/bin/../lib/gcc/arm-none-eabi/6.3.1/thumb/v6-m\libgcc.a(_udivsi3.o)
                              src/ASF/common2/services/delay/sam0/systick_counter.o (__aeabi_uidiv)
c:/program files (x86)/atmel/studio/7.0/toolchain/arm/arm-gnu-toolchain/bin/../lib/gcc/arm-none-eabi/6.3.1/thumb/v6-m\libgcc.a(_divsi3.o)
                              src/ASF/thirdparty/fatfs/fatfs-r0.09/src/ff.o (__aeabi_idiv)
c:/program files (x86)/atmel/studio/7.0/toolchain/arm/arm-gnu-toolchain/bin/../lib/gcc/arm-none-eabi/6.3.1/thumb/v6-m\libgcc.a(_dvmd_tls.o)
                              c:/program files (x86)/atmel/studio/7.0/toolchain/arm/arm-gnu-toolchain/bin/../lib/gcc/arm-none-eabi/6.3.1/thumb/v6-m\libgcc.a(_udivsi3.o) (__aeabi_idiv0)
c:/program files (x86)/atmel/studio/7.0/toolchain/arm/arm-gnu-toolchain/bin/../lib/gcc/arm-none-eabi/6.3.1/thumb/v6-m\libgcc.a(_muldi3.o)
                              src/ASF/sam0/drivers/sercom/sercom.o (__aeabi_lmul)
c:/program files (x86)/atmel/studio/7.0/toolchain/arm/arm-gnu-toolchain/bin/../lib/gcc/arm-none-eabi/6.3.1/thumb/v6-m\libgcc.a(adddf3.o)
                              src/ASF/sam0/drivers/sercom/i2c/i2c_sam0/i2c_master.o (__aeabi_dadd)
c:/program files (x86)/atmel/studio/7.0/toolchain/arm/arm-gnu-toolchain/bin/../lib/gcc/arm-none-eabi/6.3.1/thumb/v6-m\libgcc.a(divdf3.o)
                              src/ASF/sam0/drivers/sercom/i2c/i2c_sam0/i2c_master.o (__aeabi_ddiv)
c:/program files (x86)/atmel/studio/7.0/toolchain/arm/arm-gnu-toolchain/bin/../lib/gcc/arm-none-eabi/6.3.1/thumb/v6-m\libgcc.a(muldf3.o)
                              src/ASF/sam0/drivers/sercom/i2c/i2c_sam0/i2c_master.o (__aeabi_dmul)
c:/program files (x86)/atmel/studio/7.0/toolchain/arm/arm-gnu-toolchain/bin/../lib/gcc/arm-none-eabi/6.3.1/thumb/v6-m\libgcc.a(subdf3.o)
                              src/ASF/sam0/drivers/sercom/i2c/i2c_sam0/i2c_master.o (__aeabi_dsub)
c:/program files (x86)/atmel/studio/7.0/toolchain/arm/arm-gnu-toolchain/bin/../lib/gcc/arm-none-eabi/6.3.1/thumb/v6-m\libgcc.a(fixdfsi.o)
                              src/ASF/sam0/drivers/sercom/i2c/i2c_sam0/i2c_master.o (__aeabi_d2iz)
c:/program files (x86)/atmel/studio/7.0/toolchain/arm/arm-gnu-toolchain/bin/../lib/gcc/arm-none-eabi/6.3.1/thumb/v6-m\libgcc.a(floatunsidf.o)
                              src/ASF/sam0/drivers/sercom/i2c/i2c_sam0/i2c_master.o (__aeabi_ui2d)
c:/program files (x86)/atmel/studio/7.0/toolchain/arm/arm-gnu-toolchain/bin/../lib/gcc/arm-none-eabi/6.3.1/thumb/v6-m\libgcc.a(_clzsi2.o)
                              c:/program files (x86)/atmel/studio/7.0/toolchain/arm/arm-gnu-toolchain/bin/../lib/gcc/arm-none-eabi/6.3.1/thumb/v6-m\libgcc.a(adddf3.o) (__clzsi2)
c:/program files (x86)/atmel/studio/7.0/toolchain/arm/arm-gnu-toolchain/bin/../lib/gcc/arm-none-eabi/6.3.1/../../../../arm-none-eabi/lib/thumb/v6-m\libc_nano.a(lib_a-exit.o)
                              c:/program files (x86)/atmel/studio/7.0/toolchain/arm/arm-gnu-toolchain/bin/../lib/gcc/arm-none-eabi/6.3.1/../../../../arm-none-eabi/lib/thumb/v6-m/crt0.o (exit)
c:/program files (x86)/atmel/studio/7.0/toolchain/arm/arm-gnu-toolchain/bin/../lib/gcc/arm-none-eabi/6.3.1/../../../../arm-none-eabi/lib/thumb/v6-m\libc_nano.a(lib_a-impure.o)
                              c:/program files (x86)/atmel/studio/7.0/toolchain/arm/arm-gnu-toolchain/bin/../lib/gcc/arm-none-eabi/6.3.1/../../../../arm-none-eabi/lib/thumb/v6-m\libc_nano.a(lib_a-exit.o) (_global_impure_ptr)
c:/program files (x86)/atmel/studio/7.0/toolchain/arm/arm-gnu-toolchain/bin/../lib/gcc/arm-none-eabi/6.3.1/../../../../arm-none-eabi/lib/thumb/v6-m\libc_nano.a(lib_a-init.o)
                              c:/program files (x86)/atmel/studio/7.0/toolchain/arm/arm-gnu-toolchain/bin/../lib/gcc/arm-none-eabi/6.3.1/../../../../arm-none-eabi/lib/thumb/v6-m/crt0.o (__libc_init_array)
c:/program files (x86)/atmel/studio/7.0/toolchain/arm/arm-gnu-toolchain/bin/../lib/gcc/arm-none-eabi/6.3.1/../../../../arm-none-eabi/lib/thumb/v6-m\libc_nano.a(lib_a-malloc.o)
                              src/SerialConsole/circular_buffer.o (malloc)
c:/program files (x86)/atmel/studio/7.0/toolchain/arm/arm-gnu-toolchain/bin/../lib/gcc/arm-none-eabi/6.3.1/../../../../arm-none-eabi/lib/thumb/v6-m\libc_nano.a(lib_a-memset.o)
                              c:/program files (x86)/atmel/studio/7.0/toolchain/arm/arm-gnu-toolchain/bin/../lib/gcc/arm-none-eabi/6.3.1/../../../../arm-none-eabi/lib/thumb/v6-m/crt0.o (memset)
c:/program files (x86)/atmel/studio/7.0/toolchain/arm/arm-gnu-toolchain/bin/../lib/gcc/arm-none-eabi/6.3.1/../../../../arm-none-eabi/lib/thumb/v6-m\libc_nano.a(lib_a-nano-freer.o)
                              c:/program files (x86)/atmel/studio/7.0/toolchain/arm/arm-gnu-toolchain/bin/../lib/gcc/arm-none-eabi/6.3.1/../../../../arm-none-eabi/lib/thumb/v6-m\libc_nano.a(lib_a-malloc.o) (_free_r)
[...]
Memory Configuration

Name             Origin             Length             Attributes
rom              0x00000000         0x00040000         xr
ram              0x20000000         0x00008000         xrw
*default*        0x00000000         0xffffffff

Linker script and memory map

LOAD c:/program files (x86)/atmel/studio/7.0/toolchain/arm/arm-gnu-toolchain/bin/../lib/gcc/arm-none-eabi/6.3.1/thumb/v6-m/crti.o
LOAD c:/program files (x86)/atmel/studio/7.0/toolchain/arm/arm-gnu-toolchain/bin/../lib/gcc/arm-none-eabi/6.3.1/thumb/v6-m/crtbegin.o
LOAD c:/program files (x86)/atmel/studio/7.0/toolchain/arm/arm-gnu-toolchain/bin/../lib/gcc/arm-none-eabi/6.3.1/../../../../arm-none-eabi/lib/thumb/v6-m/crt0.o
LOAD src/ASF/common2/services/delay/sam0/systick_counter.o
LOAD src/Systick/Systick.o
LOAD src/ASF/common/services/crc32/crc32.o
LOAD src/ASF/sam0/boards/board_init.o
LOAD src/ASF/sam0/drivers/dsu/crc32/crc32.o
LOAD src/ASF/sam0/drivers/nvm/nvm.o
LOAD src/ASF/sam0/drivers/pac/pac_sam_d_r_h/pac.o
LOAD src/ASF/sam0/drivers/sercom/i2c/i2c_sam0/i2c_master.o
LOAD src/SD Card/SdCard.o
LOAD src/SerialConsole/circular_buffer.o
LOAD src/SerialConsole/SerialConsole.o
LOAD src/ASF/common2/components/memory/sd_mmc/sd_mmc.o
LOAD src/ASF/common2/components/memory/sd_mmc/sd_mmc_mem.o
LOAD src/ASF/common2/components/memory/sd_mmc/sd_mmc_spi.o
LOAD src/ASF/common/services/storage/ctrl_access/ctrl_access.o
LOAD src/ASF/common/utils/interrupt/interrupt_sam_nvic.o
LOAD src/ASF/sam0/drivers/port/port.o
LOAD src/ASF/sam0/drivers/rtc/rtc_sam_d_r_h/rtc_calendar.o
LOAD src/ASF/sam0/drivers/sercom/sercom.o
LOAD src/ASF/sam0/drivers/sercom/sercom_interrupt.o
LOAD src/ASF/sam0/drivers/sercom/spi/spi.o
LOAD src/ASF/sam0/drivers/sercom/spi/spi_interrupt.o
LOAD src/ASF/sam0/drivers/sercom/usart/usart.o
LOAD src/ASF/sam0/drivers/sercom/usart/usart_interrupt.o
LOAD src/ASF/sam0/drivers/system/clock/clock_samd21_r21_da_ha1/clock.o
LOAD src/ASF/sam0/drivers/system/clock/clock_samd21_r21_da_ha1/gclk.o
LOAD src/ASF/sam0/drivers/system/interrupt/system_interrupt.o
LOAD src/ASF/sam0/drivers/system/pinmux/pinmux.o
LOAD src/ASF/sam0/drivers/system/system.o
LOAD src/ASF/sam0/utils/cmsis/samd21/source/gcc/startup_samd21.o
LOAD src/ASF/sam0/utils/cmsis/samd21/source/system_samd21.o
LOAD src/ASF/sam0/utils/stdio/read.o
LOAD src/ASF/sam0/utils/stdio/write.o
LOAD src/ASF/sam0/utils/syscalls/gcc/syscalls.o
LOAD src/ASF/thirdparty/fatfs/fatfs-port-r0.09/diskio.o
LOAD src/ASF/thirdparty/fatfs/fatfs-port-r0.09/sam0/fattime_rtc.o
LOAD src/ASF/thirdparty/fatfs/fatfs-r0.09/src/ff.o
LOAD src/ASF/thirdparty/fatfs/fatfs-r0.09/src/option/ccsbcs.o
LOAD src/BootMain.o
START GROUP
LOAD ../src/ASF/thirdparty/CMSIS/Lib/GCC\libarm_cortexM0l_math.a
LOAD c:/program files (x86)/atmel/studio/7.0/toolchain/arm/arm-gnu-toolchain/bin/../lib/gcc/arm-none-eabi/6.3.1/../../../../arm-none-eabi/lib/thumb/v6-m\libm.a
END GROUP
                0x00002000                __stack_size__ = 0x2000
START GROUP
LOAD c:/program files (x86)/atmel/studio/7.0/toolchain/arm/arm-gnu-toolchain/bin/../lib/gcc/arm-none-eabi/6.3.1/thumb/v6-m\libgcc.a
LOAD c:/program files (x86)/atmel/studio/7.0/toolchain/arm/arm-gnu-toolchain/bin/../lib/gcc/arm-none-eabi/6.3.1/../../../../arm-none-eabi/lib/thumb/v6-m\libc_nano.a
END GROUP
START GROUP
LOAD c:/program files (x86)/atmel/studio/7.0/toolchain/arm/arm-gnu-toolchain/bin/../lib/gcc/arm-none-eabi/6.3.1/thumb/v6-m\libgcc.a
LOAD c:/program files (x86)/atmel/studio/7.0/toolchain/arm/arm-gnu-toolchain/bin/../lib/gcc/arm-none-eabi/6.3.1/../../../../arm-none-eabi/lib/thumb/v6-m\libc_nano.a
END GROUP
LOAD c:/program files (x86)/atmel/studio/7.0/toolchain/arm/arm-gnu-toolchain/bin/../lib/gcc/arm-none-eabi/6.3.1/thumb/v6-m/crtend.o
LOAD c:/program files (x86)/atmel/studio/7.0/toolchain/arm/arm-gnu-toolchain/bin/../lib/gcc/arm-none-eabi/6.3.1/thumb/v6-m/crtn.o
                0x00002000                STACK_SIZE = DEFINED (STACK_SIZE)?STACK_SIZE:DEFINED (__stack_size__)?__stack_size__:0x2000

.text           0x00000000     0x7b94
                0x00000000                . = ALIGN (0x4)
                0x00000000                _sfixed = .
 *(.vectors .vectors.*)
 .vectors       0x00000000       0xb4 src/ASF/sam0/utils/cmsis/samd21/source/gcc/startup_samd21.o
                0x00000000                exception_table
 *(.text .text.* .gnu.linkonce.t.*)
 .text          0x000000b4       0x60 c:/program files (x86)/atmel/studio/7.0/toolchain/arm/arm-gnu-toolchain/bin/../lib/gcc/arm-none-eabi/6.3.1/thumb/v6-m/crtbegin.o
 .text.delay_init
                0x00000114       0x40 src/ASF/common2/services/delay/sam0/systick_counter.o
                0x00000114                delay_init
 .text.delay_cycles_ms
                0x00000154       0x2c src/ASF/common2/services/delay/sam0/systick_counter.o
                0x00000154                delay_cycles_ms
 .text.GetSystick
                0x00000180        0xc src/Systick/Systick.o
                0x00000180                GetSystick
 .text.SysTick_Handler
                0x0000018c       0x10 src/Systick/Systick.o
                0x0000018c                SysTick_Handler
 .text.system_board_init
                0x0000019c       0x38 src/ASF/sam0/boards/board_init.o
                0x0000019c                board_init
                0x0000019c                system_board_init
 .text.dsu_crc32_cal
                0x000001d4       0x98 src/ASF/sam0/drivers/dsu/crc32/crc32.o
                0x000001d4                dsu_crc32_cal
 .text.nvm_set_config
                0x0000026c       0x88 src/ASF/sam0/drivers/nvm/nvm.o
                0x0000026c                nvm_set_config
 .text.nvm_execute_command
                0x000002f4       0xa0 src/ASF/sam0/drivers/nvm/nvm.o
                0x000002f4                nvm_execute_command
 .text.nvm_write_buffer
                0x00000394       0xa8 src/ASF/sam0/drivers/nvm/nvm.o
                0x00000394                nvm_write_buffer
 .text.nvm_erase_row
                0x0000043c       0x5c src/ASF/sam0/drivers/nvm/nvm.o
                0x0000043c                nvm_erase_row
 .text.nvm_get_parameters
                0x00000498       0x58 src/ASF/sam0/drivers/nvm/nvm.o
                0x00000498                nvm_get_parameters
 .text.system_peripheral_lock
                0x000004f0       0x60 src/ASF/sam0/drivers/pac/pac_sam_d_r_h/pac.o
                0x000004f0                system_peripheral_lock
 .text.system_peripheral_unlock
                0x00000550       0x60 src/ASF/sam0/drivers/pac/pac_sam_d_r_h/pac.o
                0x00000550                system_peripheral_unlock
 .text.SdCard_Initiate
                0x000005b0       0x54 src/SD Card/SdCard.o
                0x000005b0                SdCard_Initiate
 .text.advance_pointer
                0x00000604       0x34 src/SerialConsole/circular_buffer.o
 .text.circular_buf_init
                0x00000638       0x20 src/SerialConsole/circular_buffer.o
                0x00000638                circular_buf_init
 .text.circular_buf_put
                0x00000658       0x14 src/SerialConsole/circular_buffer.o
                0x00000658                circular_buf_put
 .text.circular_buf_empty
                0x0000066c       0x18 src/SerialConsole/circular_buffer.o
                0x0000066c                circular_buf_empty
 .text.circular_buf_get
                0x00000684       0x38 src/SerialConsole/circular_buffer.o
                0x00000684                circular_buf_get
 .text.usart_serial_getchar
                0x000006bc       0x2c src/SerialConsole/SerialConsole.o
 .text.usart_serial_putchar
                0x000006e8       0x18 src/SerialConsole/SerialConsole.o
 .text.usart_write_callback
                0x00000700       0x30 src/SerialConsole/SerialConsole.o
                0x00000700                usart_write_callback
 .text.InitializeSerialConsole
                0x00000730      0x168 src/SerialConsole/SerialConsole.o
                0x00000730                InitializeSerialConsole
 .text.DeinitializeSerialConsole
                0x00000898       0x38 src/SerialConsole/SerialConsole.o
                0x00000898                DeinitializeSerialConsole
 .text.SerialConsoleWriteString
                0x000008d0       0x74 src/SerialConsole/SerialConsole.o
                0x000008d0                SerialConsoleWriteString
 .text.usart_read_callback
                0x00000944       0x54 src/SerialConsole/SerialConsole.o
                0x00000944                usart_read_callback
 .text.LogMessage
                0x00000998        0x6 src/SerialConsole/SerialConsole.o
                0x00000998                LogMessage
 *fill*         0x0000099e        0x2 
 .text.sd_mmc_configure_slot
                0x000009a0       0x28 src/ASF/common2/components/memory/sd_mmc/sd_mmc.o
 .text.sd_mmc_select_slot
                0x000009c8       0x5c src/ASF/common2/components/memory/sd_mmc/sd_mmc.o
 .text.sd_mmc_cmd13
                0x00000a24       0x38 src/ASF/common2/components/memory/sd_mmc/sd_mmc.o
 .text.sd_mmc_cmd9_spi
                0x00000a5c       0x4c src/ASF/common2/components/memory/sd_mmc/sd_mmc.o
 .text.sd_mmc_deselect_slot
                0x00000aa8       0x1c src/ASF/common2/components/memory/sd_mmc/sd_mmc.o
 .text.sd_mmc_init
                0x00000ac4       0x20 src/ASF/common2/components/memory/sd_mmc/sd_mmc.o
                0x00000ac4                sd_mmc_init
 .text.sd_mmc_check
                0x00000ae4      0x4b0 src/ASF/common2/components/memory/sd_mmc/sd_mmc.o
                0x00000ae4                sd_mmc_check
 .text.sd_mmc_get_type
                0x00000f94       0x28 src/ASF/common2/components/memory/sd_mmc/sd_mmc.o
                0x00000f94                sd_mmc_get_type
 .text.sd_mmc_get_capacity
                0x00000fbc       0x28 src/ASF/common2/components/memory/sd_mmc/sd_mmc.o
                0x00000fbc                sd_mmc_get_capacity
 .text.sd_mmc_is_write_protected
                0x00000fe4        0x4 src/ASF/common2/components/memory/sd_mmc/sd_mmc.o
                0x00000fe4                sd_mmc_is_write_protected
 .text.sd_mmc_init_read_blocks
                0x00000fe8       0x88 src/ASF/common2/components/memory/sd_mmc/sd_mmc.o
                0x00000fe8                sd_mmc_init_read_blocks
 .text.sd_mmc_start_read_blocks
                0x00001070       0x2c src/ASF/common2/components/memory/sd_mmc/sd_mmc.o
                0x00001070                sd_mmc_start_read_blocks
 .text.sd_mmc_wait_end_of_read_blocks
                0x0000109c       0x70 src/ASF/common2/components/memory/sd_mmc/sd_mmc.o
                0x0000109c                sd_mmc_wait_end_of_read_blocks
 .text.sd_mmc_init_write_blocks
                0x0000110c       0x70 src/ASF/common2/components/memory/sd_mmc/sd_mmc.o
                0x0000110c                sd_mmc_init_write_blocks
 .text.sd_mmc_start_write_blocks
                0x0000117c       0x2c src/ASF/common2/components/memory/sd_mmc/sd_mmc.o
                0x0000117c                sd_mmc_start_write_blocks
 .text.sd_mmc_wait_end_of_write_blocks
                0x000011a8       0x50 src/ASF/common2/components/memory/sd_mmc/sd_mmc.o
                0x000011a8                sd_mmc_wait_end_of_write_blocks
 .text.sd_mmc_test_unit_ready
                0x000011f8       0x50 src/ASF/common2/components/memory/sd_mmc/sd_mmc_mem.o
                0x000011f8                sd_mmc_test_unit_ready
 .text.sd_mmc_test_unit_ready_0
                0x00001248       0x10 src/ASF/common2/components/memory/sd_mmc/sd_mmc_mem.o
                0x00001248                sd_mmc_test_unit_ready_0
 .text.sd_mmc_read_capacity
                0x00001258       0x20 src/ASF/common2/components/memory/sd_mmc/sd_mmc_mem.o
                0x00001258                sd_mmc_read_capacity
 .text.sd_mmc_read_capacity_0
                0x00001278       0x10 src/ASF/common2/components/memory/sd_mmc/sd_mmc_mem.o
                0x00001278                sd_mmc_read_capacity_0
 .text.sd_mmc_wr_protect_0
                0x00001288       0x10 src/ASF/common2/components/memory/sd_mmc/sd_mmc_mem.o
                0x00001288                sd_mmc_wr_protect_0
 .text.sd_mmc_mem_2_ram
                0x00001298       0x44 src/ASF/common2/components/memory/sd_mmc/sd_mmc_mem.o
                0x00001298                sd_mmc_mem_2_ram
 .text.sd_mmc_mem_2_ram_0
                0x000012dc       0x14 src/ASF/common2/components/memory/sd_mmc/sd_mmc_mem.o
                0x000012dc                sd_mmc_mem_2_ram_0
 .text.sd_mmc_ram_2_mem
                0x000012f0       0x44 src/ASF/common2/components/memory/sd_mmc/sd_mmc_mem.o
                0x000012f0                sd_mmc_ram_2_mem
 .text.sd_mmc_ram_2_mem_0
                0x00001334       0x14 src/ASF/common2/components/memory/sd_mmc/sd_mmc_mem.o
                0x00001334                sd_mmc_ram_2_mem_0
 .text.sd_mmc_spi_start_write_block
                0x00001348       0x48 src/ASF/common2/components/memory/sd_mmc/sd_mmc_spi.o
 .text.sd_mmc_spi_wait_busy
                0x00001390       0x64 src/ASF/common2/components/memory/sd_mmc/sd_mmc_spi.o
 .text.sd_mmc_spi_stop_multiwrite_block
                0x000013f4       0x78 src/ASF/common2/components/memory/sd_mmc/sd_mmc_spi.o
 .text.sd_mmc_spi_start_read_block
                0x0000146c       0x6c src/ASF/common2/components/memory/sd_mmc/sd_mmc_spi.o
 .text.sd_mmc_spi_stop_write_block
                0x000014d8       0x70 src/ASF/common2/components/memory/sd_mmc/sd_mmc_spi.o
 .text.sd_mmc_deinit
                0x00001548       0x14 src/ASF/common2/components/memory/sd_mmc/sd_mmc_spi.o
                0x00001548                sd_mmc_deinit
 .text.sd_mmc_spi_init
                0x0000155c      0x100 src/ASF/common2/components/memory/sd_mmc/sd_mmc_spi.o
                0x0000155c                sd_mmc_spi_init
 .text.sd_mmc_spi_select_device
                0x0000165c       0x54 src/ASF/common2/components/memory/sd_mmc/sd_mmc_spi.o
                0x0000165c                sd_mmc_spi_select_device
 .text.sd_mmc_spi_deselect_device
                0x000016b0       0x28 src/ASF/common2/components/memory/sd_mmc/sd_mmc_spi.o
                0x000016b0                sd_mmc_spi_deselect_device
 .text.sd_mmc_spi_send_clock
                0x000016d8       0x38 src/ASF/common2/components/memory/sd_mmc/sd_mmc_spi.o
                0x000016d8                sd_mmc_spi_send_clock
 .text.sd_mmc_spi_adtc_start
                0x00001710      0x190 src/ASF/common2/components/memory/sd_mmc/sd_mmc_spi.o
                0x00001710                sd_mmc_spi_adtc_start
 .text.sd_mmc_spi_send_cmd
                0x000018a0       0x18 src/ASF/common2/components/memory/sd_mmc/sd_mmc_spi.o
                0x000018a0                sd_mmc_spi_send_cmd
 .text.sd_mmc_spi_get_response
                0x000018b8        0xc src/ASF/common2/components/memory/sd_mmc/sd_mmc_spi.o
                0x000018b8                sd_mmc_spi_get_response
 .text.sd_mmc_spi_read_word
                0x000018c4       0x78 src/ASF/common2/components/memory/sd_mmc/sd_mmc_spi.o
                0x000018c4                sd_mmc_spi_read_word
 .text.sd_mmc_spi_start_read_blocks
                0x0000193c       0x8c src/ASF/common2/components/memory/sd_mmc/sd_mmc_spi.o
                0x0000193c                sd_mmc_spi_start_read_blocks
 .text.sd_mmc_spi_wait_end_of_read_blocks
                0x000019c8        0x4 src/ASF/common2/components/memory/sd_mmc/sd_mmc_spi.o
                0x000019c8                sd_mmc_spi_wait_end_of_read_blocks
 .text.sd_mmc_spi_start_write_blocks
                0x000019cc       0x80 src/ASF/common2/components/memory/sd_mmc/sd_mmc_spi.o
                0x000019cc                sd_mmc_spi_start_write_blocks
 .text.sd_mmc_spi_wait_end_of_write_blocks
                0x00001a4c       0x24 src/ASF/common2/components/memory/sd_mmc/sd_mmc_spi.o
                0x00001a4c                sd_mmc_spi_wait_end_of_write_blocks
 .text.mem_test_unit_ready
                0x00001a70       0x18 src/ASF/common/services/storage/ctrl_access/ctrl_access.o
                0x00001a70                mem_test_unit_ready
 .text.mem_read_capacity
                0x00001a88       0x1c src/ASF/common/services/storage/ctrl_access/ctrl_access.o
                0x00001a88                mem_read_capacity
 .text.mem_sector_size
                0x00001aa4        0x8 src/ASF/common/services/storage/ctrl_access/ctrl_access.o
                0x00001aa4                mem_sector_size
 .text.mem_wr_protect
                0x00001aac       0x18 src/ASF/common/services/storage/ctrl_access/ctrl_access.o
                0x00001aac                mem_wr_protect
 .text.memory_2_ram
                0x00001ac4       0x20 src/ASF/common/services/storage/ctrl_access/ctrl_access.o
                0x00001ac4                memory_2_ram
 .text.ram_2_memory
                0x00001ae4       0x20 src/ASF/common/services/storage/ctrl_access/ctrl_access.o
                0x00001ae4                ram_2_memory
 .text.cpu_irq_enter_critical
                0x00001b04       0x40 src/ASF/common/utils/interrupt/interrupt_sam_nvic.o
                0x00001b04                cpu_irq_enter_critical
 .text.cpu_irq_leave_critical
                0x00001b44       0x30 src/ASF/common/utils/interrupt/interrupt_sam_nvic.o
                0x00001b44                cpu_irq_leave_critical
 .text.port_pin_set_config
                0x00001b74       0x24 src/ASF/sam0/drivers/port/port.o
                0x00001b74                port_pin_set_config
 .text.rtc_calendar_enable
                0x00001b98       0x14 src/ASF/sam0/drivers/rtc/rtc_sam_d_r_h/rtc_calendar.o
                0x00001b98                rtc_calendar_enable
 .text.rtc_calendar_disable
                0x00001bac       0x1a src/ASF/sam0/drivers/rtc/rtc_sam_d_r_h/rtc_calendar.o
                0x00001bac                rtc_calendar_disable
 *fill*         0x00001bc6        0x2 
 .text.rtc_calendar_reset
                0x00001bc8       0x24 src/ASF/sam0/drivers/rtc/rtc_sam_d_r_h/rtc_calendar.o
                0x00001bc8                rtc_calendar_reset
 .text.rtc_calendar_time_to_register_value
                0x00001bec       0x3a src/ASF/sam0/drivers/rtc/rtc_sam_d_r_h/rtc_calendar.o
                0x00001bec                rtc_calendar_time_to_register_value
 .text.rtc_calendar_register_value_to_time
                0x00001c26       0x3e src/ASF/sam0/drivers/rtc/rtc_sam_d_r_h/rtc_calendar.o
                0x00001c26                rtc_calendar_register_value_to_time
 .text.rtc_calendar_get_time
                0x00001c64       0x48 src/ASF/sam0/drivers/rtc/rtc_sam_d_r_h/rtc_calendar.o
                0x00001c64                rtc_calendar_get_time
 .text.rtc_calendar_set_alarm
                0x00001cac       0x30 src/ASF/sam0/drivers/rtc/rtc_sam_d_r_h/rtc_calendar.o
                0x00001cac                rtc_calendar_set_alarm
 .text.rtc_calendar_init
                0x00001cdc       0x94 src/ASF/sam0/drivers/rtc/rtc_sam_d_r_h/rtc_calendar.o
                0x00001cdc                rtc_calendar_init
 .text.long_division
                0x00001d70       0xba src/ASF/sam0/drivers/sercom/sercom.o
 .text._sercom_get_sync_baud_val
                0x00001e2a       0x28 src/ASF/sam0/drivers/sercom/sercom.o
                0x00001e2a                _sercom_get_sync_baud_val
 *fill*         0x00001e52        0x2 
 .text._sercom_get_async_baud_val
                0x00001e54       0x94 src/ASF/sam0/drivers/sercom/sercom.o
                0x00001e54                _sercom_get_async_baud_val
 .text.sercom_set_gclk_generator
                0x00001ee8       0x4c src/ASF/sam0/drivers/sercom/sercom.o
                0x00001ee8                sercom_set_gclk_generator
 .text._sercom_get_default_pad
                0x00001f34      0x178 src/ASF/sam0/drivers/sercom/sercom.o
                0x00001f34                _sercom_get_default_pad
 .text._sercom_get_sercom_inst_index
                0x000020ac       0x38 src/ASF/sam0/drivers/sercom/sercom.o
                0x000020ac                _sercom_get_sercom_inst_index
 .text._sercom_default_handler
                0x000020e4        0x2 src/ASF/sam0/drivers/sercom/sercom_interrupt.o
 *fill*         0x000020e6        0x2 
 .text._sercom_set_handler
                0x000020e8       0x3c src/ASF/sam0/drivers/sercom/sercom_interrupt.o
                0x000020e8                _sercom_set_handler
 .text._sercom_get_interrupt_vector
                0x00002124       0x30 src/ASF/sam0/drivers/sercom/sercom_interrupt.o
                0x00002124                _sercom_get_interrupt_vector
 .text.SERCOM0_Handler
                0x00002154       0x10 src/ASF/sam0/drivers/sercom/sercom_interrupt.o
                0x00002154                SERCOM0_Handler
 .text.SERCOM1_Handler
                0x00002164       0x10 src/ASF/sam0/drivers/sercom/sercom_interrupt.o
                0x00002164                SERCOM1_Handler
 .text.SERCOM2_Handler
                0x00002174       0x10 src/ASF/sam0/drivers/sercom/sercom_interrupt.o
                0x00002174                SERCOM2_Handler
 .text.SERCOM3_Handler
                0x00002184       0x10 src/ASF/sam0/drivers/sercom/sercom_interrupt.o
                0x00002184                SERCOM3_Handler
 .text.SERCOM4_Handler
                0x00002194       0x10 src/ASF/sam0/drivers/sercom/sercom_interrupt.o
                0x00002194                SERCOM4_Handler
 .text.SERCOM5_Handler
                0x000021a4       0x10 src/ASF/sam0/drivers/sercom/sercom_interrupt.o
                0x000021a4                SERCOM5_Handler
 .text.spi_reset
                0x000021b4       0x4c src/ASF/sam0/drivers/sercom/spi/spi.o
                0x000021b4                spi_reset
 .text.spi_set_baudrate
                0x00002200       0xb8 src/ASF/sam0/drivers/sercom/spi/spi.o
                0x00002200                spi_set_baudrate
 .text.spi_init
                0x000022b8      0x1d8 src/ASF/sam0/drivers/sercom/spi/spi.o
                0x000022b8                spi_init
 .text.spi_read_buffer_wait
                0x00002490       0xd4 src/ASF/sam0/drivers/sercom/spi/spi.o
                0x00002490                spi_read_buffer_wait
 .text.spi_select_slave
                0x00002564       0xf4 src/ASF/sam0/drivers/sercom/spi/spi.o
                0x00002564                spi_select_slave
 .text.spi_write_buffer_wait
                0x00002658       0xcc src/ASF/sam0/drivers/sercom/spi/spi.o
                0x00002658                spi_write_buffer_wait
 .text._spi_interrupt_handler
                0x00002724      0x1d0 src/ASF/sam0/drivers/sercom/spi/spi_interrupt.o
                0x00002724                _spi_interrupt_handler
 .text.usart_init
                0x000028f4      0x344 src/ASF/sam0/drivers/sercom/usart/usart.o
                0x000028f4                usart_init
 .text.usart_write_wait
                0x00002c38       0x2c src/ASF/sam0/drivers/sercom/usart/usart.o
                0x00002c38                usart_write_wait
 .text.usart_read_wait
                0x00002c64       0x70 src/ASF/sam0/drivers/sercom/usart/usart.o
                0x00002c64                usart_read_wait
 .text._usart_write_buffer
                0x00002cd4       0x3c src/ASF/sam0/drivers/sercom/usart/usart_interrupt.o
                0x00002cd4                _usart_write_buffer
 .text._usart_read_buffer
                0x00002d10       0x50 src/ASF/sam0/drivers/sercom/usart/usart_interrupt.o
                0x00002d10                _usart_read_buffer
 .text.usart_register_callback
                0x00002d60       0x18 src/ASF/sam0/drivers/sercom/usart/usart_interrupt.o
                0x00002d60                usart_register_callback
 .text.usart_write_buffer_job
                0x00002d78       0x20 src/ASF/sam0/drivers/sercom/usart/usart_interrupt.o
                0x00002d78                usart_write_buffer_job
 .text.usart_read_buffer_job
                0x00002d98       0x20 src/ASF/sam0/drivers/sercom/usart/usart_interrupt.o
                0x00002d98                usart_read_buffer_job
 .text.usart_get_job_status
                0x00002db8       0x1c src/ASF/sam0/drivers/sercom/usart/usart_interrupt.o
                0x00002db8                usart_get_job_status
 .text._usart_interrupt_handler
                0x00002dd4      0x194 src/ASF/sam0/drivers/sercom/usart/usart_interrupt.o
                0x00002dd4                _usart_interrupt_handler
 .text.system_clock_source_get_hz
                0x00002f68       0x94 src/ASF/sam0/drivers/system/clock/clock_samd21_r21_da_ha1/clock.o
                0x00002f68                system_clock_source_get_hz
 .text.system_clock_source_osc8m_set_config
                0x00002ffc       0x3c src/ASF/sam0/drivers/system/clock/clock_samd21_r21_da_ha1/clock.o
                0x00002ffc                system_clock_source_osc8m_set_config
 .text.system_clock_source_xosc32k_set_config
                0x00003038       0xb8 src/ASF/sam0/drivers/system/clock/clock_samd21_r21_da_ha1/clock.o
                0x00003038                system_clock_source_xosc32k_set_config
 .text.system_clock_source_dfll_set_config
                0x000030f0       0x80 src/ASF/sam0/drivers/system/clock/clock_samd21_r21_da_ha1/clock.o
                0x000030f0                system_clock_source_dfll_set_config
 .text.system_clock_source_enable
                0x00003170       0xa8 src/ASF/sam0/drivers/system/clock/clock_samd21_r21_da_ha1/clock.o
                0x00003170                system_clock_source_enable
 .text.system_clock_init
                0x00003218      0x154 src/ASF/sam0/drivers/system/clock/clock_samd21_r21_da_ha1/clock.o
                0x00003218                system_clock_init
 .text.system_gclk_init
                0x0000336c       0x24 src/ASF/sam0/drivers/system/clock/clock_samd21_r21_da_ha1/gclk.o
                0x0000336c                system_gclk_init
 .text.system_gclk_gen_set_config
                0x00003390       0xb8 src/ASF/sam0/drivers/system/clock/clock_samd21_r21_da_ha1/gclk.o
                0x00003390                system_gclk_gen_set_config
 .text.system_gclk_gen_enable
                0x00003448       0x44 src/ASF/sam0/drivers/system/clock/clock_samd21_r21_da_ha1/gclk.o
                0x00003448                system_gclk_gen_enable
 .text.system_gclk_gen_get_hz
                0x0000348c       0x8c src/ASF/sam0/drivers/system/clock/clock_samd21_r21_da_ha1/gclk.o
                0x0000348c                system_gclk_gen_get_hz
 .text.system_gclk_chan_enable
                0x00003518       0x30 src/ASF/sam0/drivers/system/clock/clock_samd21_r21_da_ha1/gclk.o
                0x00003518                system_gclk_chan_enable
 .text.system_gclk_chan_disable
                0x00003548       0x5c src/ASF/sam0/drivers/system/clock/clock_samd21_r21_da_ha1/gclk.o
                0x00003548                system_gclk_chan_disable
 .text.system_gclk_chan_set_config
                0x000035a4       0x1c src/ASF/sam0/drivers/system/clock/clock_samd21_r21_da_ha1/gclk.o
                0x000035a4                system_gclk_chan_set_config
 .text.system_gclk_chan_get_hz
                0x000035c0       0x34 src/ASF/sam0/drivers/system/clock/clock_samd21_r21_da_ha1/gclk.o
                0x000035c0                system_gclk_chan_get_hz
 .text._system_pinmux_config
                0x000035f4       0xa8 src/ASF/sam0/drivers/system/pinmux/pinmux.o
 .text.system_pinmux_pin_set_config
                0x0000369c       0x30 src/ASF/sam0/drivers/system/pinmux/pinmux.o
                0x0000369c                system_pinmux_pin_set_config
 .text._system_dummy_init
                0x000036cc        0x2 src/ASF/sam0/drivers/system/system.o
                0x000036cc                _system_extint_init
                0x000036cc                _system_events_init
                0x000036cc                _system_dummy_init
                0x000036cc                _system_divas_init
 *fill*         0x000036ce        0x2 
 .text.system_init
                0x000036d0       0x2c src/ASF/sam0/drivers/system/system.o
                0x000036d0                system_init
 .text.Dummy_Handler
                0x000036fc        0x2 src/ASF/sam0/utils/cmsis/samd21/source/gcc/startup_samd21.o
                0x000036fc                DMAC_Handler
                0x000036fc                HardFault_Handler
                0x000036fc                AC_Handler
                0x000036fc                PendSV_Handler
                0x000036fc                NMI_Handler
                0x000036fc                ADC_Handler
                0x000036fc                TCC1_Handler
                0x000036fc                TCC0_Handler
                0x000036fc                RTC_Handler
                0x000036fc                EIC_Handler
                0x000036fc                WDT_Handler
                0x000036fc                TC4_Handler
                0x000036fc                USB_Handler
                0x000036fc                TC3_Handler
                0x000036fc                Dummy_Handler
                0x000036fc                PM_Handler
                0x000036fc                SVC_Handler
                0x000036fc                TCC2_Handler
                0x000036fc                EVSYS_Handler
                0x000036fc                I2S_Handler
                0x000036fc                NVMCTRL_Handler
                0x000036fc                DAC_Handler
                0x000036fc                PTC_Handler
                0x000036fc                TC5_Handler
                0x000036fc                SYSCTRL_Handler
 *fill*         0x000036fe        0x2 
 .text.Reset_Handler
                0x00003700       0xe4 src/ASF/sam0/utils/cmsis/samd21/source/gcc/startup_samd21.o
                0x00003700                Reset_Handler
 .text._read    0x000037e4       0x44 src/ASF/sam0/utils/stdio/read.o
                0x000037e4                _read
 .text._write   0x00003828       0x50 src/ASF/sam0/utils/stdio/write.o
                0x00003828                _write
 .text._sbrk    0x00003878       0x24 src/ASF/sam0/utils/syscalls/gcc/syscalls.o
                0x00003878                _sbrk
 .text._close   0x0000389c        0x6 src/ASF/sam0/utils/syscalls/gcc/syscalls.o
                0x0000389c                _close
 .text._fstat   0x000038a2        0xa src/ASF/sam0/utils/syscalls/gcc/syscalls.o
                0x000038a2                _fstat
 .text._lseek   0x000038ac        0x4 src/ASF/sam0/utils/syscalls/gcc/syscalls.o
                0x000038ac                _lseek
 .text.disk_initialize
                0x000038b0       0x9c src/ASF/thirdparty/fatfs/fatfs-port-r0.09/diskio.o
                0x000038b0                disk_initialize
 .text.disk_status
                0x0000394c       0x1c src/ASF/thirdparty/fatfs/fatfs-port-r0.09/diskio.o
                0x0000394c                disk_status
 .text.disk_read
                0x00003968       0x84 src/ASF/thirdparty/fatfs/fatfs-port-r0.09/diskio.o
                0x00003968                disk_read
 .text.disk_write
                0x000039ec       0x84 src/ASF/thirdparty/fatfs/fatfs-port-r0.09/diskio.o
                0x000039ec                disk_write
 .text.disk_ioctl
                0x00003a70       0x6c src/ASF/thirdparty/fatfs/fatfs-port-r0.09/diskio.o
                0x00003a70                disk_ioctl
 .text.get_fattime
                0x00003adc       0x50 src/ASF/thirdparty/fatfs/fatfs-port-r0.09/sam0/fattime_rtc.o
                0x00003adc                get_fattime
 .text.mem_cpy  0x00003b2c       0x14 src/ASF/thirdparty/fatfs/fatfs-r0.09/src/ff.o
 .text.mem_set  0x00003b40       0x12 src/ASF/thirdparty/fatfs/fatfs-r0.09/src/ff.o
 .text.clust2sect
                0x00003b52       0x18 src/ASF/thirdparty/fatfs/fatfs-r0.09/src/ff.o
 .text.sum_sfn  0x00003b6a       0x1c src/ASF/thirdparty/fatfs/fatfs-r0.09/src/ff.o
 *fill*         0x00003b86        0x2 
 .text.validate
                0x00003b88       0x30 src/ASF/thirdparty/fatfs/fatfs-r0.09/src/ff.o
 .text.check_fs
                0x00003bb8       0xa4 src/ASF/thirdparty/fatfs/fatfs-r0.09/src/ff.o
 .text.chk_mounted
                0x00003c5c      0x3b0 src/ASF/thirdparty/fatfs/fatfs-r0.09/src/ff.o
 .text.move_window
                0x0000400c       0xa0 src/ASF/thirdparty/fatfs/fatfs-r0.09/src/ff.o
 .text.get_fat  0x000040ac       0xfc src/ASF/thirdparty/fatfs/fatfs-r0.09/src/ff.o
 .text.dir_sdi  0x000041a8       0xa8 src/ASF/thirdparty/fatfs/fatfs-r0.09/src/ff.o
 .text.put_fat  0x00004250      0x138 src/ASF/thirdparty/fatfs/fatfs-r0.09/src/ff.o
 .text.create_chain
                0x00004388       0xc4 src/ASF/thirdparty/fatfs/fatfs-r0.09/src/ff.o
 .text.remove_chain
                0x0000444c       0x78 src/ASF/thirdparty/fatfs/fatfs-r0.09/src/ff.o
 .text.dir_next
                0x000044c4      0x124 src/ASF/thirdparty/fatfs/fatfs-r0.09/src/ff.o
 .text.dir_find
                0x000045e8      0x198 src/ASF/thirdparty/fatfs/fatfs-r0.09/src/ff.o
 .text.dir_register
                0x00004780      0x2e4 src/ASF/thirdparty/fatfs/fatfs-r0.09/src/ff.o
 .text.dir_read
                0x00004a64      0x140 src/ASF/thirdparty/fatfs/fatfs-r0.09/src/ff.o
 .text.dir_remove
                0x00004ba4       0x68 src/ASF/thirdparty/fatfs/fatfs-r0.09/src/ff.o
 .text.sync     0x00004c0c       0xf4 src/ASF/thirdparty/fatfs/fatfs-r0.09/src/ff.o
 .text.follow_path
                0x00004d00      0x344 src/ASF/thirdparty/fatfs/fatfs-r0.09/src/ff.o
 .text.f_mount  0x00005044       0x30 src/ASF/thirdparty/fatfs/fatfs-r0.09/src/ff.o
                0x00005044                f_mount
 .text.f_open   0x00005074      0x188 src/ASF/thirdparty/fatfs/fatfs-r0.09/src/ff.o
                0x00005074                f_open
 .text.f_read   0x000051fc      0x1b4 src/ASF/thirdparty/fatfs/fatfs-r0.09/src/ff.o
                0x000051fc                f_read
 .text.f_write  0x000053b0      0x238 src/ASF/thirdparty/fatfs/fatfs-r0.09/src/ff.o
                0x000053b0                f_write
 .text.f_sync   0x000055e8       0x8c src/ASF/thirdparty/fatfs/fatfs-r0.09/src/ff.o
                0x000055e8                f_sync
 .text.f_close  0x00005674       0x18 src/ASF/thirdparty/fatfs/fatfs-r0.09/src/ff.o
                0x00005674                f_close
 .text.f_unlink
                0x0000568c       0xd8 src/ASF/thirdparty/fatfs/fatfs-r0.09/src/ff.o
                0x0000568c                f_unlink
 .text.f_putc   0x00005764       0x2c src/ASF/thirdparty/fatfs/fatfs-r0.09/src/ff.o
                0x00005764                f_putc
 .text.f_puts   0x00005790       0x2c src/ASF/thirdparty/fatfs/fatfs-r0.09/src/ff.o
                0x00005790                f_puts
 .text.ff_convert
                0x000057bc       0x48 src/ASF/thirdparty/fatfs/fatfs-r0.09/src/option/ccsbcs.o
                0x000057bc                ff_convert
 .text.ff_wtoupper
                0x00005804       0x3c src/ASF/thirdparty/fatfs/fatfs-r0.09/src/option/ccsbcs.o
                0x00005804                ff_wtoupper
 .text.memory_free
                0x00005840       0x6c src/BootMain.o
 .text.binary_excute
                0x000058ac      0x118 src/BootMain.o
 .text.main     0x000059c4      0x384 src/BootMain.o
                0x000059c4                main
 .text          0x00005d48      0x114 c:/program files (x86)/atmel/studio/7.0/toolchain/arm/arm-gnu-toolchain/bin/../lib/gcc/arm-none-eabi/6.3.1/thumb/v6-m\libgcc.a(_udivsi3.o)
                0x00005d48                __aeabi_uidiv
                0x00005d48                __udivsi3
                0x00005e54                __aeabi_uidivmod
 .text          0x00005e5c      0x1d4 c:/program files (x86)/atmel/studio/7.0/toolchain/arm/arm-gnu-toolchain/bin/../lib/gcc/arm-none-eabi/6.3.1/thumb/v6-m\libgcc.a(_divsi3.o)
                0x00005e5c                __divsi3
                0x00005e5c                __aeabi_idiv
                0x00006028                __aeabi_idivmod
 .text          0x00006030        0x4 c:/program files (x86)/atmel/studio/7.0/toolchain/arm/arm-gnu-toolchain/bin/../lib/gcc/arm-none-eabi/6.3.1/thumb/v6-m\libgcc.a(_dvmd_tls.o)
                0x00006030                __aeabi_idiv0
                0x00006030                __aeabi_ldiv0
 .text          0x00006034       0x54 c:/program files (x86)/atmel/studio/7.0/toolchain/arm/arm-gnu-toolchain/bin/../lib/gcc/arm-none-eabi/6.3.1/thumb/v6-m\libgcc.a(_muldi3.o)
                0x00006034                __muldi3
                0x00006034                __aeabi_lmul
 .text.__libc_init_array
                0x00006088       0x48 c:/program files (x86)/atmel/studio/7.0/toolchain/arm/arm-gnu-toolchain/bin/../lib/gcc/arm-none-eabi/6.3.1/../../../../arm-none-eabi/lib/thumb/v6-m\libc_nano.a(lib_a-init.o)
                0x00006088                __libc_init_array
 .text.malloc   0x000060d0       0x14 c:/program files (x86)/atmel/studio/7.0/toolchain/arm/arm-gnu-toolchain/bin/../lib/gcc/arm-none-eabi/6.3.1/../../../../arm-none-eabi/lib/thumb/v6-m\libc_nano.a(lib_a-malloc.o)
                0x000060d0                malloc
 .text.memset   0x000060e4       0x10 c:/program files (x86)/atmel/studio/7.0/toolchain/arm/arm-gnu-toolchain/bin/../lib/gcc/arm-none-eabi/6.3.1/../../../../arm-none-eabi/lib/thumb/v6-m\libc_nano.a(lib_a-memset.o)
                0x000060e4                memset
 .text._free_r  0x000060f4       0x94 c:/program files (x86)/atmel/studio/7.0/toolchain/arm/arm-gnu-toolchain/bin/../lib/gcc/arm-none-eabi/6.3.1/../../../../arm-none-eabi/lib/thumb/v6-m\libc_nano.a(lib_a-nano-freer.o)
                0x000060f4                _free_r
 .text._malloc_r
                0x00006188       0xbc c:/program files (x86)/atmel/studio/7.0/toolchain/arm/arm-gnu-toolchain/bin/../lib/gcc/arm-none-eabi/6.3.1/../../../../arm-none-eabi/lib/thumb/v6-m\libc_nano.a(lib_a-nano-mallocr.o)
                0x00006188                _malloc_r
 .text._sbrk_r  0x00006244       0x24 c:/program files (x86)/atmel/studio/7.0/toolchain/arm/arm-gnu-toolchain/bin/../lib/gcc/arm-none-eabi/6.3.1/../../../../arm-none-eabi/lib/thumb/v6-m\libc_nano.a(lib_a-sbrkr.o)
                0x00006244                _sbrk_r
 .text.setbuf   0x00006268       0x12 c:/program files (x86)/atmel/studio/7.0/toolchain/arm/arm-gnu-toolchain/bin/../lib/gcc/arm-none-eabi/6.3.1/../../../../arm-none-eabi/lib/thumb/v6-m\libc_nano.a(lib_a-setbuf.o)
                0x00006268                setbuf
 *fill*         0x0000627a        0x2 
 .text.setvbuf  0x0000627c      0x158 c:/program files (x86)/atmel/studio/7.0/toolchain/arm/arm-gnu-toolchain/bin/../lib/gcc/arm-none-eabi/6.3.1/../../../../arm-none-eabi/lib/thumb/v6-m\libc_nano.a(lib_a-setvbuf.o)
                0x0000627c                setvbuf
 .text.snprintf
                0x000063d4       0x64 c:/program files (x86)/atmel/studio/7.0/toolchain/arm/arm-gnu-toolchain/bin/../lib/gcc/arm-none-eabi/6.3.1/../../../../arm-none-eabi/lib/thumb/v6-m\libc_nano.a(lib_a-snprintf.o)
                0x000063d4                sniprintf
                0x000063d4                snprintf
 .text          0x00006438        0xe c:/program files (x86)/atmel/studio/7.0/toolchain/arm/arm-gnu-toolchain/bin/../lib/gcc/arm-none-eabi/6.3.1/../../../../arm-none-eabi/lib/thumb/v6-m\libc_nano.a(lib_a-strlen.o)
                0x00006438                strlen
 *fill*         0x00006446        0x2 
 .text.__sflush_r
                0x00006448      0x114 c:/program files (x86)/atmel/studio/7.0/toolchain/arm/arm-gnu-toolchain/bin/../lib/gcc/arm-none-eabi/6.3.1/../../../../arm-none-eabi/lib/thumb/v6-m\libc_nano.a(lib_a-fflush.o)
                0x00006448                __sflush_r
 .text._fflush_r
                0x0000655c       0x58 c:/program files (x86)/atmel/studio/7.0/toolchain/arm/arm-gnu-toolchain/bin/../lib/gcc/arm-none-eabi/6.3.1/../../../../arm-none-eabi/lib/thumb/v6-m\libc_nano.a(lib_a-fflush.o)
                0x0000655c                _fflush_r
 .text._cleanup_r
                0x000065b4       0x10 c:/program files (x86)/atmel/studio/7.0/toolchain/arm/arm-gnu-toolchain/bin/../lib/gcc/arm-none-eabi/6.3.1/../../../../arm-none-eabi/lib/thumb/v6-m\libc_nano.a(lib_a-findfp.o)
                0x000065b4                _cleanup_r
 .text.std.isra.0
                0x000065c4       0x48 c:/program files (x86)/atmel/studio/7.0/toolchain/arm/arm-gnu-toolchain/bin/../lib/gcc/arm-none-eabi/6.3.1/../../../../arm-none-eabi/lib/thumb/v6-m\libc_nano.a(lib_a-findfp.o)
 .text.__sfmoreglue
                0x0000660c       0x2c c:/program files (x86)/atmel/studio/7.0/toolchain/arm/arm-gnu-toolchain/bin/../lib/gcc/arm-none-eabi/6.3.1/../../../../arm-none-eabi/lib/thumb/v6-m\libc_nano.a(lib_a-findfp.o)
                0x0000660c                __sfmoreglue
 .text.__sinit  0x00006638       0x68 c:/program files (x86)/atmel/studio/7.0/toolchain/arm/arm-gnu-toolchain/bin/../lib/gcc/arm-none-eabi/6.3.1/../../../../arm-none-eabi/lib/thumb/v6-m\libc_nano.a(lib_a-findfp.o)
                0x00006638                __sinit
 .text.__sfp    0x000066a0       0x80 c:/program files (x86)/atmel/studio/7.0/toolchain/arm/arm-gnu-toolchain/bin/../lib/gcc/arm-none-eabi/6.3.1/../../../../arm-none-eabi/lib/thumb/v6-m\libc_nano.a(lib_a-findfp.o)
                0x000066a0                __sfp
 .text._fwalk_reent
                0x00006720       0x42 c:/program files (x86)/atmel/studio/7.0/toolchain/arm/arm-gnu-toolchain/bin/../lib/gcc/arm-none-eabi/6.3.1/../../../../arm-none-eabi/lib/thumb/v6-m\libc_nano.a(lib_a-fwalk.o)
                0x00006720                _fwalk_reent
 *fill*         0x00006762        0x2 
 .text.__swhatbuf_r
                0x00006764       0x50 c:/program files (x86)/atmel/studio/7.0/toolchain/arm/arm-gnu-toolchain/bin/../lib/gcc/arm-none-eabi/6.3.1/../../../../arm-none-eabi/lib/thumb/v6-m\libc_nano.a(lib_a-makebuf.o)
                0x00006764                __swhatbuf_r
 .text.__malloc_lock
                0x000067b4        0x2 c:/program files (x86)/atmel/studio/7.0/toolchain/arm/arm-gnu-toolchain/bin/../lib/gcc/arm-none-eabi/6.3.1/../../../../arm-none-eabi/lib/thumb/v6-m\libc_nano.a(lib_a-mlock.o)
                0x000067b4                __malloc_lock
 .text.__malloc_unlock
                0x000067b6        0x2 c:/program files (x86)/atmel/studio/7.0/toolchain/arm/arm-gnu-toolchain/bin/../lib/gcc/arm-none-eabi/6.3.1/../../../../arm-none-eabi/lib/thumb/v6-m\libc_nano.a(lib_a-mlock.o)
                0x000067b6                __malloc_unlock
 .text.__ssputs_r
                0x000067b8       0xc4 c:/program files (x86)/atmel/studio/7.0/toolchain/arm/arm-gnu-toolchain/bin/../lib/gcc/arm-none-eabi/6.3.1/../../../../arm-none-eabi/lib/thumb/v6-m\libc_nano.a(lib_a-nano-svfprintf.o)
                0x000067b8                __ssputs_r
 .text._svfprintf_r
                0x0000687c      0x208 c:/program files (x86)/atmel/studio/7.0/toolchain/arm/arm-gnu-toolchain/bin/../lib/gcc/arm-none-eabi/6.3.1/../../../../arm-none-eabi/lib/thumb/v6-m\libc_nano.a(lib_a-nano-svfprintf.o)
                0x0000687c                _svfiprintf_r
                0x0000687c                _svfprintf_r
 .text._printf_common
                0x00006a84       0xda c:/program files (x86)/atmel/studio/7.0/toolchain/arm/arm-gnu-toolchain/bin/../lib/gcc/arm-none-eabi/6.3.1/../../../../arm-none-eabi/lib/thumb/v6-m\libc_nano.a(lib_a-nano-vfprintf_i.o)
                0x00006a84                _printf_common
 *fill*         0x00006b5e        0x2 
 .text._printf_i
                0x00006b60      0x234 c:/program files (x86)/atmel/studio/7.0/toolchain/arm/arm-gnu-toolchain/bin/../lib/gcc/arm-none-eabi/6.3.1/../../../../arm-none-eabi/lib/thumb/v6-m\libc_nano.a(lib_a-nano-vfprintf_i.o)
                0x00006b60                _printf_i
 .text.__sread  0x00006d94       0x28 c:/program files (x86)/atmel/studio/7.0/toolchain/arm/arm-gnu-toolchain/bin/../lib/gcc/arm-none-eabi/6.3.1/../../../../arm-none-eabi/lib/thumb/v6-m\libc_nano.a(lib_a-stdio.o)
                0x00006d94                __sread
 .text.__swrite
                0x00006dbc       0x38 c:/program files (x86)/atmel/studio/7.0/toolchain/arm/arm-gnu-toolchain/bin/../lib/gcc/arm-none-eabi/6.3.1/../../../../arm-none-eabi/lib/thumb/v6-m\libc_nano.a(lib_a-stdio.o)
                0x00006dbc                __swrite
 .text.__sseek  0x00006df4       0x2c c:/program files (x86)/atmel/studio/7.0/toolchain/arm/arm-gnu-toolchain/bin/../lib/gcc/arm-none-eabi/6.3.1/../../../../arm-none-eabi/lib/thumb/v6-m\libc_nano.a(lib_a-stdio.o)
                0x00006df4                __sseek
 .text.__sclose
                0x00006e20        0xc c:/program files (x86)/atmel/studio/7.0/toolchain/arm/arm-gnu-toolchain/bin/../lib/gcc/arm-none-eabi/6.3.1/../../../../arm-none-eabi/lib/thumb/v6-m\libc_nano.a(lib_a-stdio.o)
                0x00006e20                __sclose
 .text._write_r
                0x00006e2c       0x28 c:/program files (x86)/atmel/studio/7.0/toolchain/arm/arm-gnu-toolchain/bin/../lib/gcc/arm-none-eabi/6.3.1/../../../../arm-none-eabi/lib/thumb/v6-m\libc_nano.a(lib_a-writer.o)
                0x00006e2c                _write_r
 .text._close_r
                0x00006e54       0x24 c:/program files (x86)/atmel/studio/7.0/toolchain/arm/arm-gnu-toolchain/bin/../lib/gcc/arm-none-eabi/6.3.1/../../../../arm-none-eabi/lib/thumb/v6-m\libc_nano.a(lib_a-closer.o)
                0x00006e54                _close_r
 .text._fstat_r
                0x00006e78       0x24 c:/program files (x86)/atmel/studio/7.0/toolchain/arm/arm-gnu-toolchain/bin/../lib/gcc/arm-none-eabi/6.3.1/../../../../arm-none-eabi/lib/thumb/v6-m\libc_nano.a(lib_a-fstatr.o)
                0x00006e78                _fstat_r
 .text._lseek_r
                0x00006e9c       0x28 c:/program files (x86)/atmel/studio/7.0/toolchain/arm/arm-gnu-toolchain/bin/../lib/gcc/arm-none-eabi/6.3.1/../../../../arm-none-eabi/lib/thumb/v6-m\libc_nano.a(lib_a-lseekr.o)
                0x00006e9c                _lseek_r
 .text.memchr   0x00006ec4       0x16 c:/program files (x86)/atmel/studio/7.0/toolchain/arm/arm-gnu-toolchain/bin/../lib/gcc/arm-none-eabi/6.3.1/../../../../arm-none-eabi/lib/thumb/v6-m\libc_nano.a(lib_a-memchr-stub.o)
                0x00006ec4                memchr
 .text.memcpy   0x00006eda       0x12 c:/program files (x86)/atmel/studio/7.0/toolchain/arm/arm-gnu-toolchain/bin/../lib/gcc/arm-none-eabi/6.3.1/../../../../arm-none-eabi/lib/thumb/v6-m\libc_nano.a(lib_a-memcpy-stub.o)
                0x00006eda                memcpy
 .text.memmove  0x00006eec       0x24 c:/program files (x86)/atmel/studio/7.0/toolchain/arm/arm-gnu-toolchain/bin/../lib/gcc/arm-none-eabi/6.3.1/../../../../arm-none-eabi/lib/thumb/v6-m\libc_nano.a(lib_a-memmove.o)
                0x00006eec                memmove
 .text._realloc_r
                0x00006f10       0x4c c:/program files (x86)/atmel/studio/7.0/toolchain/arm/arm-gnu-toolchain/bin/../lib/gcc/arm-none-eabi/6.3.1/../../../../arm-none-eabi/lib/thumb/v6-m\libc_nano.a(lib_a-nano-reallocr.o)
                0x00006f10                _realloc_r
 .text._read_r  0x00006f5c       0x28 c:/program files (x86)/atmel/studio/7.0/toolchain/arm/arm-gnu-toolchain/bin/../lib/gcc/arm-none-eabi/6.3.1/../../../../arm-none-eabi/lib/thumb/v6-m\libc_nano.a(lib_a-readr.o)
                0x00006f5c                _read_r
 .text._malloc_usable_size_r
                0x00006f84       0x10 c:/program files (x86)/atmel/studio/7.0/toolchain/arm/arm-gnu-toolchain/bin/../lib/gcc/arm-none-eabi/6.3.1/../../../../arm-none-eabi/lib/thumb/v6-m\libc_nano.a(lib_a-nano-msizer.o)
                0x00006f84                _malloc_usable_size_r
 *(.glue_7t)
 .glue_7t       0x00006f94        0x0 linker stubs
 *(.glue_7)
 .glue_7        0x00006f94        0x0 linker stubs
 *(.rodata .rodata* .gnu.linkonce.r.*)
 .rodata.nvm_execute_command
                0x00006f94      0x118 src/ASF/sam0/drivers/nvm/nvm.o
 .rodata.mmc_trans_multipliers
                0x000070ac       0x40 src/ASF/common2/components/memory/sd_mmc/sd_mmc.o
                0x000070ac                mmc_trans_multipliers
 .rodata.sd_mmc_trans_units
                0x000070ec       0x1c src/ASF/common2/components/memory/sd_mmc/sd_mmc.o
                0x000070ec                sd_mmc_trans_units
 .rodata.sd_trans_multipliers
                0x00007108       0x40 src/ASF/common2/components/memory/sd_mmc/sd_mmc.o
                0x00007108                sd_trans_multipliers
 .rodata        0x00007148       0x18 src/ASF/sam0/drivers/sercom/sercom.o
 .rodata.system_clock_source_get_hz
                0x00007160       0x24 src/ASF/sam0/drivers/system/clock/clock_samd21_r21_da_ha1/clock.o
 .rodata.system_clock_source_enable
                0x00007184       0x24 src/ASF/sam0/drivers/system/clock/clock_samd21_r21_da_ha1/clock.o
 .rodata.LfnOfs
                0x000071a8        0xd src/ASF/thirdparty/fatfs/fatfs-r0.09/src/ff.o
 *fill*         0x000071b5        0x3 
 .rodata.excvt.4558
                0x000071b8       0x80 src/ASF/thirdparty/fatfs/fatfs-r0.09/src/ff.o
 .rodata.follow_path.str1.4
                0x00007238       0x13 src/ASF/thirdparty/fatfs/fatfs-r0.09/src/ff.o
 *fill*         0x0000724b        0x1 
 .rodata.Tbl    0x0000724c      0x100 src/ASF/thirdparty/fatfs/fatfs-r0.09/src/option/ccsbcs.o
 .rodata.tbl_lower.4308
                0x0000734c      0x1e0 src/ASF/thirdparty/fatfs/fatfs-r0.09/src/option/ccsbcs.o
 .rodata.tbl_upper.4309
                0x0000752c      0x1e0 src/ASF/thirdparty/fatfs/fatfs-r0.09/src/option/ccsbcs.o
 .rodata.binary_excute.str1.4
                0x0000770c       0x76 src/BootMain.o
 *fill*         0x00007782        0x2 
 .rodata.main.str1.4
                0x00007784      0x304 src/BootMain.o
 .rodata.memory_free.str1.4
                0x00007a88       0x54 src/BootMain.o
                                 0x51 (size before relaxing)
 .rodata._global_impure_ptr
                0x00007adc        0x4 c:/program files (x86)/atmel/studio/7.0/toolchain/arm/arm-gnu-toolchain/bin/../lib/gcc/arm-none-eabi/6.3.1/../../../../arm-none-eabi/lib/thumb/v6-m\libc_nano.a(lib_a-impure.o)
                0x00007adc                _global_impure_ptr
 .rodata.__sf_fake_stderr
                0x00007ae0       0x20 c:/program files (x86)/atmel/studio/7.0/toolchain/arm/arm-gnu-toolchain/bin/../lib/gcc/arm-none-eabi/6.3.1/../../../../arm-none-eabi/lib/thumb/v6-m\libc_nano.a(lib_a-findfp.o)
                0x00007ae0                __sf_fake_stderr
 .rodata.__sf_fake_stdin
                0x00007b00       0x20 c:/program files (x86)/atmel/studio/7.0/toolchain/arm/arm-gnu-toolchain/bin/../lib/gcc/arm-none-eabi/6.3.1/../../../../arm-none-eabi/lib/thumb/v6-m\libc_nano.a(lib_a-findfp.o)
                0x00007b00                __sf_fake_stdin
 .rodata.__sf_fake_stdout
                0x00007b20       0x20 c:/program files (x86)/atmel/studio/7.0/toolchain/arm/arm-gnu-toolchain/bin/../lib/gcc/arm-none-eabi/6.3.1/../../../../arm-none-eabi/lib/thumb/v6-m\libc_nano.a(lib_a-findfp.o)
                0x00007b20                __sf_fake_stdout
 .rodata._svfprintf_r.str1.1
                0x00007b40       0x11 c:/program files (x86)/atmel/studio/7.0/toolchain/arm/arm-gnu-toolchain/bin/../lib/gcc/arm-none-eabi/6.3.1/../../../../arm-none-eabi/lib/thumb/v6-m\libc_nano.a(lib_a-nano-svfprintf.o)
 .rodata._printf_i.str1.1
                0x00007b51       0x22 c:/program files (x86)/atmel/studio/7.0/toolchain/arm/arm-gnu-toolchain/bin/../lib/gcc/arm-none-eabi/6.3.1/../../../../arm-none-eabi/lib/thumb/v6-m\libc_nano.a(lib_a-nano-vfprintf_i.o)
 *(.ARM.extab* .gnu.linkonce.armextab.*)
                0x00007b74                . = ALIGN (0x4)
 *fill*         0x00007b73        0x1 
 *(.init)
 .init          0x00007b74        0x4 c:/program files (x86)/atmel/studio/7.0/toolchain/arm/arm-gnu-toolchain/bin/../lib/gcc/arm-none-eabi/6.3.1/thumb/v6-m/crti.o
                0x00007b74                _init
 .init          0x00007b78        0x8 c:/program files (x86)/atmel/studio/7.0/toolchain/arm/arm-gnu-toolchain/bin/../lib/gcc/arm-none-eabi/6.3.1/thumb/v6-m/crtn.o
                0x00007b80                . = ALIGN (0x4)
                0x00007b80                __preinit_array_start = .
 *(.preinit_array)
                0x00007b80                __preinit_array_end = .
                0x00007b80                . = ALIGN (0x4)
                0x00007b80                __init_array_start = .
 *(SORT(.init_array.*))
 *(.init_array)
 .init_array    0x00007b80        0x4 c:/program files (x86)/atmel/studio/7.0/toolchain/arm/arm-gnu-toolchain/bin/../lib/gcc/arm-none-eabi/6.3.1/thumb/v6-m/crtbegin.o
                0x00007b84                __init_array_end = .
                0x00007b84                . = ALIGN (0x4)
 *crtbegin.o(.ctors)
 *(EXCLUDE_FILE(*crtend.o) .ctors)
 *(SORT(.ctors.*))
 *crtend.o(.ctors)
                0x00007b84                . = ALIGN (0x4)
 *(.fini)
 .fini          0x00007b84        0x4 c:/program files (x86)/atmel/studio/7.0/toolchain/arm/arm-gnu-toolchain/bin/../lib/gcc/arm-none-eabi/6.3.1/thumb/v6-m/crti.o
                0x00007b84                _fini
 .fini          0x00007b88        0x8 c:/program files (x86)/atmel/studio/7.0/toolchain/arm/arm-gnu-toolchain/bin/../lib/gcc/arm-none-eabi/6.3.1/thumb/v6-m/crtn.o
                0x00007b90                . = ALIGN (0x4)
                0x00007b90                __fini_array_start = .
 *(.fini_array)
 .fini_array    0x00007b90        0x4 c:/program files (x86)/atmel/studio/7.0/toolchain/arm/arm-gnu-toolchain/bin/../lib/gcc/arm-none-eabi/6.3.1/thumb/v6-m/crtbegin.o
 *(SORT(.fini_array.*))
                0x00007b94                __fini_array_end = .
 *crtbegin.o(.dtors)
 *(EXCLUDE_FILE(*crtend.o) .dtors)
 *(SORT(.dtors.*))
 *crtend.o(.dtors)
                0x00007b94                . = ALIGN (0x4)
                0x00007b94                _efixed = .
                [!provide]                PROVIDE (__exidx_start, .)

.vfp11_veneer   0x00007b94        0x0
 .vfp11_veneer  0x00007b94        0x0 linker stubs

.v4_bx          0x00007b94        0x0
 .v4_bx         0x00007b94        0x0 linker stubs

.iplt           0x00007b94        0x0
 .iplt          0x00007b94        0x0 c:/program files (x86)/atmel/studio/7.0/toolchain/arm/arm-gnu-toolchain/bin/../lib/gcc/arm-none-eabi/6.3.1/thumb/v6-m/crtbegin.o

.eh_frame       0x00007b94        0x0
 .eh_frame      0x00007b94        0x0 c:/program files (x86)/atmel/studio/7.0/toolchain/arm/arm-gnu-toolchain/bin/../lib/gcc/arm-none-eabi/6.3.1/thumb/v6-m/crtbegin.o

.rel.dyn        0x00007b94        0x0
 .rel.iplt      0x00007b94        0x0 c:/program files (x86)/atmel/studio/7.0/toolchain/arm/arm-gnu-toolchain/bin/../lib/gcc/arm-none-eabi/6.3.1/thumb/v6-m/crtbegin.o

.jcr            0x00007b94        0x0
 .jcr           0x00007b94        0x0 c:/program files (x86)/atmel/studio/7.0/toolchain/arm/arm-gnu-toolchain/bin/../lib/gcc/arm-none-eabi/6.3.1/thumb/v6-m/crtbegin.o

.igot.plt       0x00007b94        0x0
 .igot.plt      0x00007b94        0x0 c:/program files (x86)/atmel/studio/7.0/toolchain/arm/arm-gnu-toolchain/bin/../lib/gcc/arm-none-eabi/6.3.1/thumb/v6-m/crtbegin.o

.ARM.exidx
 *(.ARM.exidx* .gnu.linkonce.armexidx.*)
                [!provide]                PROVIDE (__exidx_end, .)
                0x00007b94                . = ALIGN (0x4)
                0x00007b94                _etext = .

.relocate       0x20000000       0x94 load address 0x00007b94
                0x20000000                . = ALIGN (0x4)
                0x20000000                _srelocate = .
 *(.ramfunc .ramfunc.*)
 *(.data .data.*)
 .data.cycles_per_ms
                0x20000000        0x4 src/ASF/common2/services/delay/sam0/systick_counter.o
 .data.cycles_per_us
                0x20000004        0x4 src/ASF/common2/services/delay/sam0/systick_counter.o
 .data.ss_pins  0x20000008        0x1 src/ASF/common2/components/memory/sd_mmc/sd_mmc_spi.o
                0x20000008                ss_pins
 .data.g_interrupt_enabled
                0x20000009        0x1 src/ASF/common/utils/interrupt/interrupt_sam_nvic.o
                0x20000009                g_interrupt_enabled
 *fill*         0x2000000a        0x2 
 .data.test_bin_file
                0x2000000c       0x10 src/BootMain.o
                0x2000000c                test_bin_file
 .data.test_file_name
                0x2000001c       0x12 src/BootMain.o
                0x2000001c                test_file_name
 *fill*         0x2000002e        0x2 
 .data._impure_ptr
                0x20000030        0x4 c:/program files (x86)/atmel/studio/7.0/toolchain/arm/arm-gnu-toolchain/bin/../lib/gcc/arm-none-eabi/6.3.1/../../../../arm-none-eabi/lib/thumb/v6-m\libc_nano.a(lib_a-impure.o)
                0x20000030                _impure_ptr
 .data.impure_data
                0x20000034       0x60 c:/program files (x86)/atmel/studio/7.0/toolchain/arm/arm-gnu-toolchain/bin/../lib/gcc/arm-none-eabi/6.3.1/../../../../arm-none-eabi/lib/thumb/v6-m\libc_nano.a(lib_a-impure.o)
                0x20000094                . = ALIGN (0x4)
                0x20000094                _erelocate = .

.bss            0x20000094      0xc20 load address 0x00007c28
                0x20000094                . = ALIGN (0x4)
                0x20000094                _sbss = .
                0x20000094                _szero = .
 *(.bss .bss.*)
 .bss           0x20000094       0x1c c:/program files (x86)/atmel/studio/7.0/toolchain/arm/arm-gnu-toolchain/bin/../lib/gcc/arm-none-eabi/6.3.1/thumb/v6-m/crtbegin.o
 .bss.ul_tickcount
                0x200000b0        0x4 src/Systick/Systick.o
 .bss._nvm_dev  0x200000b4        0x6 src/ASF/sam0/drivers/nvm/nvm.o
 *fill*         0x200000ba        0x2 
 .bss.sd_mmc_card
                0x200000bc        0x4 src/ASF/common2/components/memory/sd_mmc/sd_mmc.o
 .bss.sd_mmc_cards
                0x200000c0       0x20 src/ASF/common2/components/memory/sd_mmc/sd_mmc.o
 .bss.sd_mmc_nb_block_remaining
                0x200000e0        0x2 src/ASF/common2/components/memory/sd_mmc/sd_mmc.o
 .bss.sd_mmc_nb_block_to_tranfer
                0x200000e2        0x2 src/ASF/common2/components/memory/sd_mmc/sd_mmc.o
 .bss.sd_mmc_slot_sel
                0x200000e4        0x1 src/ASF/common2/components/memory/sd_mmc/sd_mmc.o
 *fill*         0x200000e5        0x3 
 .bss.sd_mmc_ejected
                0x200000e8        0x2 src/ASF/common2/components/memory/sd_mmc/sd_mmc_mem.o
 *fill*         0x200000ea        0x2 
 .bss.sd_mmc_master
                0x200000ec       0x3c src/ASF/common2/components/memory/sd_mmc/sd_mmc_spi.o
 .bss.sd_mmc_spi_block_size
                0x20000128        0x2 src/ASF/common2/components/memory/sd_mmc/sd_mmc_spi.o
 *fill*         0x2000012a        0x2 
 .bss.sd_mmc_spi_devices
                0x2000012c        0x3 src/ASF/common2/components/memory/sd_mmc/sd_mmc_spi.o
 .bss.sd_mmc_spi_err
                0x2000012f        0x1 src/ASF/common2/components/memory/sd_mmc/sd_mmc_spi.o
 .bss.sd_mmc_spi_nb_block
                0x20000130        0x2 src/ASF/common2/components/memory/sd_mmc/sd_mmc_spi.o
 *fill*         0x20000132        0x2 
 .bss.sd_mmc_spi_response_32
                0x20000134        0x4 src/ASF/common2/components/memory/sd_mmc/sd_mmc_spi.o
 .bss.sd_mmc_spi_transfert_pos
                0x20000138        0x4 src/ASF/common2/components/memory/sd_mmc/sd_mmc_spi.o
 .bss.slave_configs
                0x2000013c        0x3 src/ASF/common2/components/memory/sd_mmc/sd_mmc_spi.o
 *fill*         0x2000013f        0x1 
 .bss.cpu_irq_critical_section_counter
                0x20000140        0x4 src/ASF/common/utils/interrupt/interrupt_sam_nvic.o
 .bss.cpu_irq_prev_interrupt_state
                0x20000144        0x1 src/ASF/common/utils/interrupt/interrupt_sam_nvic.o
 *fill*         0x20000145        0x3 
 .bss._sercom_config
                0x20000148        0x2 src/ASF/sam0/drivers/sercom/sercom.o
 .bss._handler_table_initialized
                0x2000014a        0x1 src/ASF/sam0/drivers/sercom/sercom_interrupt.o
 *fill*         0x2000014b        0x1 
 .bss._sercom_interrupt_handlers
                0x2000014c       0x18 src/ASF/sam0/drivers/sercom/sercom_interrupt.o
 .bss._system_clock_inst
                0x20000164       0x18 src/ASF/sam0/drivers/system/clock/clock_samd21_r21_da_ha1/clock.o
 .bss.heap.5296
                0x2000017c        0x4 src/ASF/sam0/utils/syscalls/gcc/syscalls.o
 .bss.FatFs     0x20000180       0x20 src/ASF/thirdparty/fatfs/fatfs-r0.09/src/ff.o
 .bss.Fsid      0x200001a0        0x2 src/ASF/thirdparty/fatfs/fatfs-r0.09/src/ff.o
 *fill*         0x200001a2        0x2 
 .bss.__malloc_free_list
                0x200001a4        0x4 c:/program files (x86)/atmel/studio/7.0/toolchain/arm/arm-gnu-toolchain/bin/../lib/gcc/arm-none-eabi/6.3.1/../../../../arm-none-eabi/lib/thumb/v6-m\libc_nano.a(lib_a-nano-mallocr.o)
                0x200001a4                __malloc_free_list
 .bss.__malloc_sbrk_start
                0x200001a8        0x4 c:/program files (x86)/atmel/studio/7.0/toolchain/arm/arm-gnu-toolchain/bin/../lib/gcc/arm-none-eabi/6.3.1/../../../../arm-none-eabi/lib/thumb/v6-m\libc_nano.a(lib_a-nano-mallocr.o)
                0x200001a8                __malloc_sbrk_start
 *(COMMON)
 COMMON         0x200001ac      0x844 src/SerialConsole/SerialConsole.o
                0x200001ac                usart_instance
                0x200001e0                cbufRx
                0x200001e4                latestRx
                0x200001e8                txCharacterBuffer
                0x200005e8                rxCharacterBuffer
                0x200009e8                latestTx
                0x200009ec                cbufTx
 COMMON         0x200009f0        0x4 src/ASF/sam0/drivers/rtc/rtc_sam_d_r_h/rtc_calendar.o
                0x200009f0                _rtc_instance
 COMMON         0x200009f4       0x18 src/ASF/sam0/drivers/sercom/sercom_interrupt.o
                0x200009f4                _sercom_instances
 COMMON         0x20000a0c        0x2 src/ASF/sam0/drivers/sercom/spi/spi_interrupt.o
                0x20000a0c                dummy_write
 *fill*         0x20000a0e        0x2 
 COMMON         0x20000a10        0x4 src/ASF/sam0/utils/stdio/read.o
                0x20000a10                ptr_get
 COMMON         0x20000a14        0x8 src/ASF/sam0/utils/stdio/write.o
                0x20000a14                ptr_put
                0x20000a18                stdio_base
 COMMON         0x20000a1c        0x8 src/ASF/thirdparty/fatfs/fatfs-port-r0.09/diskio.o
                0x20000a1c                rtc_instance
 COMMON         0x20000a24      0x28a src/BootMain.o
                0x20000a24                fs
                0x20000c54                file_object
                0x20000c78                cdc_uart_module
                0x20000cac                res
                0x20000cad                status
 *fill*         0x20000cae        0x2 
 COMMON         0x20000cb0        0x4 c:/program files (x86)/atmel/studio/7.0/toolchain/arm/arm-gnu-toolchain/bin/../lib/gcc/arm-none-eabi/6.3.1/../../../../arm-none-eabi/lib/thumb/v6-m\libc_nano.a(lib_a-reent.o)
                0x20000cb0                errno
                0x20000cb4                . = ALIGN (0x4)
                0x20000cb4                _ebss = .
                0x20000cb4                _ezero = .

.stack          0x20000cb4     0x2004 load address 0x00008848
                0x20000cb8                . = ALIGN (0x8)
 *fill*         0x20000cb4        0x4 
                0x20000cb8                _sstack = .
                0x20002cb8                . = (. + STACK_SIZE)
 *fill*         0x20000cb8     0x2000 
                0x20002cb8                . = ALIGN (0x8)
                0x20002cb8                _estack = .
                0x20002cb8                . = ALIGN (0x4)
                0x20002cb8                _end = .
OUTPUT(ESE516 BOOTLOADER.elf elf32-littlearm)

.ARM.attributes
                0x00000000       0x28
 .ARM.attributes
                0x00000000       0x1e c:/program files (x86)/atmel/studio/7.0/toolchain/arm/arm-gnu-toolchain/bin/../lib/gcc/arm-none-eabi/6.3.1/thumb/v6-m/crti.o
 .ARM.attributes
                0x0000001e       0x2c c:/program files (x86)/atmel/studio/7.0/toolchain/arm/arm-gnu-toolchain/bin/../lib/gcc/arm-none-eabi/6.3.1/thumb/v6-m/crtbegin.o
 .ARM.attributes
                0x0000004a       0x32 src/ASF/common2/services/delay/sam0/systick_counter.o
 .ARM.attributes
                0x0000007c       0x32 src/Systick/Systick.o
 .ARM.attributes
                0x000000ae       0x32 src/ASF/sam0/boards/board_init.o
 .ARM.attributes
                0x000000e0       0x32 src/ASF/sam0/drivers/dsu/crc32/crc32.o
 .ARM.attributes
                0x00000112       0x32 src/ASF/sam0/drivers/nvm/nvm.o
 .ARM.attributes
                0x00000144       0x32 src/ASF/sam0/drivers/pac/pac_sam_d_r_h/pac.o
 .ARM.attributes
                0x00000176       0x32 src/SD Card/SdCard.o
 .ARM.attributes
                0x000001a8       0x32 src/SerialConsole/circular_buffer.o
 .ARM.attributes
                0x000001da       0x32 src/SerialConsole/SerialConsole.o
 .ARM.attributes
                0x0000020c       0x32 src/ASF/common2/components/memory/sd_mmc/sd_mmc.o
 .ARM.attributes
                0x0000023e       0x32 src/ASF/common2/components/memory/sd_mmc/sd_mmc_mem.o
 .ARM.attributes
                0x00000270       0x32 src/ASF/common2/components/memory/sd_mmc/sd_mmc_spi.o
 .ARM.attributes
                0x000002a2       0x32 src/ASF/common/services/storage/ctrl_access/ctrl_access.o
 .ARM.attributes
                0x000002d4       0x32 src/ASF/common/utils/interrupt/interrupt_sam_nvic.o
 .ARM.attributes
                0x00000306       0x32 src/ASF/sam0/drivers/port/port.o
 .ARM.attributes
                0x00000338       0x32 src/ASF/sam0/drivers/rtc/rtc_sam_d_r_h/rtc_calendar.o
 .ARM.attributes
                0x0000036a       0x32 src/ASF/sam0/drivers/sercom/sercom.o
 .ARM.attributes
                0x0000039c       0x32 src/ASF/sam0/drivers/sercom/sercom_interrupt.o
 .ARM.attributes
                0x000003ce       0x32 src/ASF/sam0/drivers/sercom/spi/spi.o
 .ARM.attributes
                0x00000400       0x32 src/ASF/sam0/drivers/sercom/spi/spi_interrupt.o
 .ARM.attributes
                0x00000432       0x32 src/ASF/sam0/drivers/sercom/usart/usart.o
 .ARM.attributes
                0x00000464       0x32 src/ASF/sam0/drivers/sercom/usart/usart_interrupt.o
 .ARM.attributes
                0x00000496       0x32 src/ASF/sam0/drivers/system/clock/clock_samd21_r21_da_ha1/clock.o
 .ARM.attributes
                0x000004c8       0x32 src/ASF/sam0/drivers/system/clock/clock_samd21_r21_da_ha1/gclk.o
 .ARM.attributes
                0x000004fa       0x32 src/ASF/sam0/drivers/system/pinmux/pinmux.o
 .ARM.attributes
                0x0000052c       0x32 src/ASF/sam0/drivers/system/system.o
 .ARM.attributes
                0x0000055e       0x32 src/ASF/sam0/utils/cmsis/samd21/source/gcc/startup_samd21.o
 .ARM.attributes
                0x00000590       0x32 src/ASF/sam0/utils/stdio/read.o
 .ARM.attributes
                0x000005c2       0x32 src/ASF/sam0/utils/stdio/write.o
 .ARM.attributes
                0x000005f4       0x32 src/ASF/sam0/utils/syscalls/gcc/syscalls.o
 .ARM.attributes
                0x00000626       0x32 src/ASF/thirdparty/fatfs/fatfs-port-r0.09/diskio.o
 .ARM.attributes
                0x00000658       0x32 src/ASF/thirdparty/fatfs/fatfs-port-r0.09/sam0/fattime_rtc.o
 .ARM.attributes
                0x0000068a       0x32 src/ASF/thirdparty/fatfs/fatfs-r0.09/src/ff.o
 .ARM.attributes
                0x000006bc       0x32 src/ASF/thirdparty/fatfs/fatfs-r0.09/src/option/ccsbcs.o
 .ARM.attributes
                0x000006ee       0x32 src/BootMain.o
 .ARM.attributes
                0x00000720       0x1e c:/program files (x86)/atmel/studio/7.0/toolchain/arm/arm-gnu-toolchain/bin/../lib/gcc/arm-none-eabi/6.3.1/thumb/v6-m\libgcc.a(_udivsi3.o)
 .ARM.attributes
                0x0000073e       0x1e c:/program files (x86)/atmel/studio/7.0/toolchain/arm/arm-gnu-toolchain/bin/../lib/gcc/arm-none-eabi/6.3.1/thumb/v6-m\libgcc.a(_divsi3.o)
 .ARM.attributes
                0x0000075c       0x1e c:/program files (x86)/atmel/studio/7.0/toolchain/arm/arm-gnu-toolchain/bin/../lib/gcc/arm-none-eabi/6.3.1/thumb/v6-m\libgcc.a(_dvmd_tls.o)
 .ARM.attributes
                0x0000077a       0x2c c:/program files (x86)/atmel/studio/7.0/toolchain/arm/arm-gnu-toolchain/bin/../lib/gcc/arm-none-eabi/6.3.1/thumb/v6-m\libgcc.a(_muldi3.o)
 .ARM.attributes
                0x000007a6       0x2c c:/program files (x86)/atmel/studio/7.0/toolchain/arm/arm-gnu-toolchain/bin/../lib/gcc/arm-none-eabi/6.3.1/../../../../arm-none-eabi/lib/thumb/v6-m\libc_nano.a(lib_a-impure.o)
 .ARM.attributes
                0x000007d2       0x2c c:/program files (x86)/atmel/studio/7.0/toolchain/arm/arm-gnu-toolchain/bin/../lib/gcc/arm-none-eabi/6.3.1/../../../../arm-none-eabi/lib/thumb/v6-m\libc_nano.a(lib_a-init.o)
 .ARM.attributes
                0x000007fe       0x2c c:/program files (x86)/atmel/studio/7.0/toolchain/arm/arm-gnu-toolchain/bin/../lib/gcc/arm-none-eabi/6.3.1/../../../../arm-none-eabi/lib/thumb/v6-m\libc_nano.a(lib_a-malloc.o)
 .ARM.attributes
                0x0000082a       0x2c c:/program files (x86)/atmel/studio/7.0/toolchain/arm/arm-gnu-toolchain/bin/../lib/gcc/arm-none-eabi/6.3.1/../../../../arm-none-eabi/lib/thumb/v6-m\libc_nano.a(lib_a-memset.o)
 .ARM.attributes
                0x00000856       0x2c c:/program files (x86)/atmel/studio/7.0/toolchain/arm/arm-gnu-toolchain/bin/../lib/gcc/arm-none-eabi/6.3.1/../../../../arm-none-eabi/lib/thumb/v6-m\libc_nano.a(lib_a-nano-freer.o)
 .ARM.attributes
                0x00000882       0x2c c:/program files (x86)/atmel/studio/7.0/toolchain/arm/arm-gnu-toolchain/bin/../lib/gcc/arm-none-eabi/6.3.1/../../../../arm-none-eabi/lib/thumb/v6-m\libc_nano.a(lib_a-nano-mallocr.o)
 .ARM.attributes
                0x000008ae       0x2c c:/program files (x86)/atmel/studio/7.0/toolchain/arm/arm-gnu-toolchain/bin/../lib/gcc/arm-none-eabi/6.3.1/../../../../arm-none-eabi/lib/thumb/v6-m\libc_nano.a(lib_a-sbrkr.o)
 .ARM.attributes
                0x000008da       0x2c c:/program files (x86)/atmel/studio/7.0/toolchain/arm/arm-gnu-toolchain/bin/../lib/gcc/arm-none-eabi/6.3.1/../../../../arm-none-eabi/lib/thumb/v6-m\libc_nano.a(lib_a-setbuf.o)
 .ARM.attributes
                0x00000906       0x2c c:/program files (x86)/atmel/studio/7.0/toolchain/arm/arm-gnu-toolchain/bin/../lib/gcc/arm-none-eabi/6.3.1/../../../../arm-none-eabi/lib/thumb/v6-m\libc_nano.a(lib_a-setvbuf.o)
 .ARM.attributes
                0x00000932       0x2c c:/program files (x86)/atmel/studio/7.0/toolchain/arm/arm-gnu-toolchain/bin/../lib/gcc/arm-none-eabi/6.3.1/../../../../arm-none-eabi/lib/thumb/v6-m\libc_nano.a(lib_a-snprintf.o)
 .ARM.attributes
                0x0000095e       0x1c c:/program files (x86)/atmel/studio/7.0/toolchain/arm/arm-gnu-toolchain/bin/../lib/gcc/arm-none-eabi/6.3.1/../../../../arm-none-eabi/lib/thumb/v6-m\libc_nano.a(lib_a-strlen.o)
 .ARM.attributes
                0x0000097a       0x2c c:/program files (x86)/atmel/studio/7.0/toolchain/arm/arm-gnu-toolchain/bin/../lib/gcc/arm-none-eabi/6.3.1/../../../../arm-none-eabi/lib/thumb/v6-m\libc_nano.a(lib_a-fflush.o)
 .ARM.attributes
                0x000009a6       0x2c c:/program files (x86)/atmel/studio/7.0/toolchain/arm/arm-gnu-toolchain/bin/../lib/gcc/arm-none-eabi/6.3.1/../../../../arm-none-eabi/lib/thumb/v6-m\libc_nano.a(lib_a-findfp.o)
 .ARM.attributes
                0x000009d2       0x2c c:/program files (x86)/atmel/studio/7.0/toolchain/arm/arm-gnu-toolchain/bin/../lib/gcc/arm-none-eabi/6.3.1/../../../../arm-none-eabi/lib/thumb/v6-m\libc_nano.a(lib_a-fwalk.o)
 .ARM.attributes
                0x000009fe       0x2c c:/program files (x86)/atmel/studio/7.0/toolchain/arm/arm-gnu-toolchain/bin/../lib/gcc/arm-none-eabi/6.3.1/../../../../arm-none-eabi/lib/thumb/v6-m\libc_nano.a(lib_a-makebuf.o)
 .ARM.attributes
                0x00000a2a       0x2c c:/program files (x86)/atmel/studio/7.0/toolchain/arm/arm-gnu-toolchain/bin/../lib/gcc/arm-none-eabi/6.3.1/../../../../arm-none-eabi/lib/thumb/v6-m\libc_nano.a(lib_a-mlock.o)
 .ARM.attributes
                0x00000a56       0x2c c:/program files (x86)/atmel/studio/7.0/toolchain/arm/arm-gnu-toolchain/bin/../lib/gcc/arm-none-eabi/6.3.1/../../../../arm-none-eabi/lib/thumb/v6-m\libc_nano.a(lib_a-nano-svfprintf.o)
 .ARM.attributes
                0x00000a82       0x2c c:/program files (x86)/atmel/studio/7.0/toolchain/arm/arm-gnu-toolchain/bin/../lib/gcc/arm-none-eabi/6.3.1/../../../../arm-none-eabi/lib/thumb/v6-m\libc_nano.a(lib_a-nano-vfprintf_i.o)
 .ARM.attributes
                0x00000aae       0x2c c:/program files (x86)/atmel/studio/7.0/toolchain/arm/arm-gnu-toolchain/bin/../lib/gcc/arm-none-eabi/6.3.1/../../../../arm-none-eabi/lib/thumb/v6-m\libc_nano.a(lib_a-reent.o)
 .ARM.attributes
                0x00000ada       0x2c c:/program files (x86)/atmel/studio/7.0/toolchain/arm/arm-gnu-toolchain/bin/../lib/gcc/arm-none-eabi/6.3.1/../../../../arm-none-eabi/lib/thumb/v6-m\libc_nano.a(lib_a-stdio.o)
 .ARM.attributes
                0x00000b06       0x2c c:/program files (x86)/atmel/studio/7.0/toolchain/arm/arm-gnu-toolchain/bin/../lib/gcc/arm-none-eabi/6.3.1/../../../../arm-none-eabi/lib/thumb/v6-m\libc_nano.a(lib_a-writer.o)
 .ARM.attributes
                0x00000b32       0x2c c:/program files (x86)/atmel/studio/7.0/toolchain/arm/arm-gnu-toolchain/bin/../lib/gcc/arm-none-eabi/6.3.1/../../../../arm-none-eabi/lib/thumb/v6-m\libc_nano.a(lib_a-closer.o)
 .ARM.attributes
                0x00000b5e       0x2c c:/program files (x86)/atmel/studio/7.0/toolchain/arm/arm-gnu-toolchain/bin/../lib/gcc/arm-none-eabi/6.3.1/../../../../arm-none-eabi/lib/thumb/v6-m\libc_nano.a(lib_a-fstatr.o)
 .ARM.attributes
                0x00000b8a       0x2c c:/program files (x86)/atmel/studio/7.0/toolchain/arm/arm-gnu-toolchain/bin/../lib/gcc/arm-none-eabi/6.3.1/../../../../arm-none-eabi/lib/thumb/v6-m\libc_nano.a(lib_a-lseekr.o)
 .ARM.attributes
                0x00000bb6       0x2c c:/program files (x86)/atmel/studio/7.0/toolchain/arm/arm-gnu-toolchain/bin/../lib/gcc/arm-none-eabi/6.3.1/../../../../arm-none-eabi/lib/thumb/v6-m\libc_nano.a(lib_a-memchr-stub.o)
 .ARM.attributes
                0x00000be2       0x2c c:/program files (x86)/atmel/studio/7.0/toolchain/arm/arm-gnu-toolchain/bin/../lib/gcc/arm-none-eabi/6.3.1/../../../../arm-none-eabi/lib/thumb/v6-m\libc_nano.a(lib_a-memcpy-stub.o)
 .ARM.attributes
                0x00000c0e       0x2c c:/program files (x86)/atmel/studio/7.0/toolchain/arm/arm-gnu-toolchain/bin/../lib/gcc/arm-none-eabi/6.3.1/../../../../arm-none-eabi/lib/thumb/v6-m\libc_nano.a(lib_a-memmove.o)
 .ARM.attributes
                0x00000c3a       0x2c c:/program files (x86)/atmel/studio/7.0/toolchain/arm/arm-gnu-toolchain/bin/../lib/gcc/arm-none-eabi/6.3.1/../../../../arm-none-eabi/lib/thumb/v6-m\libc_nano.a(lib_a-nano-reallocr.o)
 .ARM.attributes
                0x00000c66       0x2c c:/program files (x86)/atmel/studio/7.0/toolchain/arm/arm-gnu-toolchain/bin/../lib/gcc/arm-none-eabi/6.3.1/../../../../arm-none-eabi/lib/thumb/v6-m\libc_nano.a(lib_a-readr.o)
 .ARM.attributes
                0x00000c92       0x2c c:/program files (x86)/atmel/studio/7.0/toolchain/arm/arm-gnu-toolchain/bin/../lib/gcc/arm-none-eabi/6.3.1/../../../../arm-none-eabi/lib/thumb/v6-m\libc_nano.a(lib_a-nano-msizer.o)
 .ARM.attributes
                0x00000cbe       0x1e c:/program files (x86)/atmel/studio/7.0/toolchain/arm/arm-gnu-toolchain/bin/../lib/gcc/arm-none-eabi/6.3.1/thumb/v6-m/crtn.o

.comment        0x00000000       0x59
 .comment       0x00000000       0x59 src/ASF/common2/services/delay/sam0/systick_counter.o
                                 0x5a (size before relaxing)
 .comment       0x00000059       0x5a src/Systick/Systick.o
 .comment       0x00000059       0x5a src/ASF/sam0/boards/board_init.o
 .comment       0x00000059       0x5a src/ASF/sam0/drivers/dsu/crc32/crc32.o
 .comment       0x00000059       0x5a src/ASF/sam0/drivers/nvm/nvm.o
 .comment       0x00000059       0x5a src/ASF/sam0/drivers/pac/pac_sam_d_r_h/pac.o
 .comment       0x00000059       0x5a src/SD Card/SdCard.o
 .comment       0x00000059       0x5a src/SerialConsole/circular_buffer.o
 .comment       0x00000059       0x5a src/SerialConsole/SerialConsole.o
 .comment       0x00000059       0x5a src/ASF/common2/components/memory/sd_mmc/sd_mmc.o
 .comment       0x00000059       0x5a src/ASF/common2/components/memory/sd_mmc/sd_mmc_mem.o
 .comment       0x00000059       0x5a src/ASF/common2/components/memory/sd_mmc/sd_mmc_spi.o
 .comment       0x00000059       0x5a src/ASF/common/services/storage/ctrl_access/ctrl_access.o
 .comment       0x00000059       0x5a src/ASF/common/utils/interrupt/interrupt_sam_nvic.o
 .comment       0x00000059       0x5a src/ASF/sam0/drivers/port/port.o
 .comment       0x00000059       0x5a src/ASF/sam0/drivers/rtc/rtc_sam_d_r_h/rtc_calendar.o
 .comment       0x00000059       0x5a src/ASF/sam0/drivers/sercom/sercom.o
 .comment       0x00000059       0x5a src/ASF/sam0/drivers/sercom/sercom_interrupt.o
 .comment       0x00000059       0x5a src/ASF/sam0/drivers/sercom/spi/spi.o
 .comment       0x00000059       0x5a src/ASF/sam0/drivers/sercom/spi/spi_interrupt.o
 .comment       0x00000059       0x5a src/ASF/sam0/drivers/sercom/usart/usart.o
 .comment       0x00000059       0x5a src/ASF/sam0/drivers/sercom/usart/usart_interrupt.o
 .comment       0x00000059       0x5a src/ASF/sam0/drivers/system/clock/clock_samd21_r21_da_ha1/clock.o
 .comment       0x00000059       0x5a src/ASF/sam0/drivers/system/clock/clock_samd21_r21_da_ha1/gclk.o
 .comment       0x00000059       0x5a src/ASF/sam0/drivers/system/pinmux/pinmux.o
 .comment       0x00000059       0x5a src/ASF/sam0/drivers/system/system.o
 .comment       0x00000059       0x5a src/ASF/sam0/utils/cmsis/samd21/source/gcc/startup_samd21.o
 .comment       0x00000059       0x5a src/ASF/sam0/utils/stdio/read.o
 .comment       0x00000059       0x5a src/ASF/sam0/utils/stdio/write.o
 .comment       0x00000059       0x5a src/ASF/sam0/utils/syscalls/gcc/syscalls.o
 .comment       0x00000059       0x5a src/ASF/thirdparty/fatfs/fatfs-port-r0.09/diskio.o
 .comment       0x00000059       0x5a src/ASF/thirdparty/fatfs/fatfs-port-r0.09/sam0/fattime_rtc.o
 .comment       0x00000059       0x5a src/ASF/thirdparty/fatfs/fatfs-r0.09/src/ff.o
 .comment       0x00000059       0x5a src/ASF/thirdparty/fatfs/fatfs-r0.09/src/option/ccsbcs.o
 .comment       0x00000059       0x5a src/BootMain.o

.debug_info     0x00000000    0x4ac20
 .debug_info    0x00000000      0xb8d src/ASF/common2/services/delay/sam0/systick_counter.o
 .debug_info    0x00000b8d      0xf2f src/Systick/Systick.o
 .debug_info    0x00001abc     0x12ad src/ASF/sam0/boards/board_init.o
 .debug_info    0x00002d69     0x16b7 src/ASF/sam0/drivers/dsu/crc32/crc32.o
 .debug_info    0x00004420     0x2622 src/ASF/sam0/drivers/nvm/nvm.o
 .debug_info    0x00006a42     0x1612 src/ASF/sam0/drivers/pac/pac_sam_d_r_h/pac.o
 .debug_info    0x00008054      0xb81 src/SD Card/SdCard.o
 .debug_info    0x00008bd5      0xd6e src/SerialConsole/circular_buffer.o
 .debug_info    0x00009943     0x3acd src/SerialConsole/SerialConsole.o
 .debug_info    0x0000d410     0x1eac src/ASF/common2/components/memory/sd_mmc/sd_mmc.o
 .debug_info    0x0000f2bc     0x1180 src/ASF/common2/components/memory/sd_mmc/sd_mmc_mem.o
 .debug_info    0x0001043c     0x47f9 src/ASF/common2/components/memory/sd_mmc/sd_mmc_spi.o
 .debug_info    0x00014c35      0xf2a src/ASF/common/services/storage/ctrl_access/ctrl_access.o
 .debug_info    0x00015b5f      0xb07 src/ASF/common/utils/interrupt/interrupt_sam_nvic.o
 .debug_info    0x00016666     0x12b6 src/ASF/sam0/drivers/port/port.o
 .debug_info    0x0001791c     0x3335 src/ASF/sam0/drivers/rtc/rtc_sam_d_r_h/rtc_calendar.o
 .debug_info    0x0001ac51     0x2dd3 src/ASF/sam0/drivers/sercom/sercom.o
 .debug_info    0x0001da24     0x2bcf src/ASF/sam0/drivers/sercom/sercom_interrupt.o
 .debug_info    0x000205f3     0x5ee5 src/ASF/sam0/drivers/sercom/spi/spi.o
 .debug_info    0x000264d8     0x31a3 src/ASF/sam0/drivers/sercom/spi/spi_interrupt.o
 .debug_info    0x0002967b     0x4ab0 src/ASF/sam0/drivers/sercom/usart/usart.o
 .debug_info    0x0002e12b     0x3048 src/ASF/sam0/drivers/sercom/usart/usart_interrupt.o
 .debug_info    0x00031173     0x39d4 src/ASF/sam0/drivers/system/clock/clock_samd21_r21_da_ha1/clock.o
 .debug_info    0x00034b47     0x1ec7 src/ASF/sam0/drivers/system/clock/clock_samd21_r21_da_ha1/gclk.o
 .debug_info    0x00036a0e     0x13f3 src/ASF/sam0/drivers/system/pinmux/pinmux.o
 .debug_info    0x00037e01      0xa73 src/ASF/sam0/drivers/system/system.o
 .debug_info    0x00038874     0x3a3f src/ASF/sam0/utils/cmsis/samd21/source/gcc/startup_samd21.o
 .debug_info    0x0003c2b3      0xacf src/ASF/sam0/utils/stdio/read.o
 .debug_info    0x0003cd82      0xacc src/ASF/sam0/utils/stdio/write.o
 .debug_info    0x0003d84e      0xd98 src/ASF/sam0/utils/syscalls/gcc/syscalls.o
 .debug_info    0x0003e5e6     0x2552 src/ASF/thirdparty/fatfs/fatfs-port-r0.09/diskio.o
 .debug_info    0x00040b38     0x1f26 src/ASF/thirdparty/fatfs/fatfs-port-r0.09/sam0/fattime_rtc.o
 .debug_info    0x00042a5e     0x3408 src/ASF/thirdparty/fatfs/fatfs-r0.09/src/ff.o
 .debug_info    0x00045e66      0x16d src/ASF/thirdparty/fatfs/fatfs-r0.09/src/option/ccsbcs.o
 .debug_info    0x00045fd3     0x4c4d src/BootMain.o

.debug_abbrev   0x00000000     0x7210
 .debug_abbrev  0x00000000      0x24b src/ASF/common2/services/delay/sam0/systick_counter.o
 .debug_abbrev  0x0000024b      0x283 src/Systick/Systick.o
 .debug_abbrev  0x000004ce      0x2dc src/ASF/sam0/boards/board_init.o
 .debug_abbrev  0x000007aa      0x2f4 src/ASF/sam0/drivers/dsu/crc32/crc32.o
 .debug_abbrev  0x00000a9e      0x491 src/ASF/sam0/drivers/nvm/nvm.o
 .debug_abbrev  0x00000f2f      0x2cb src/ASF/sam0/drivers/pac/pac_sam_d_r_h/pac.o
 .debug_abbrev  0x000011fa      0x21b src/SD Card/SdCard.o
 .debug_abbrev  0x00001415      0x2db src/SerialConsole/circular_buffer.o
 .debug_abbrev  0x000016f0      0x4e7 src/SerialConsole/SerialConsole.o
 .debug_abbrev  0x00001bd7      0x3e4 src/ASF/common2/components/memory/sd_mmc/sd_mmc.o
 .debug_abbrev  0x00001fbb      0x2fd src/ASF/common2/components/memory/sd_mmc/sd_mmc_mem.o
 .debug_abbrev  0x000022b8      0x51b src/ASF/common2/components/memory/sd_mmc/sd_mmc_spi.o
 .debug_abbrev  0x000027d3      0x29f src/ASF/common/services/storage/ctrl_access/ctrl_access.o
 .debug_abbrev  0x00002a72      0x22c src/ASF/common/utils/interrupt/interrupt_sam_nvic.o
 .debug_abbrev  0x00002c9e      0x298 src/ASF/sam0/drivers/port/port.o
 .debug_abbrev  0x00002f36      0x4c8 src/ASF/sam0/drivers/rtc/rtc_sam_d_r_h/rtc_calendar.o
 .debug_abbrev  0x000033fe      0x378 src/ASF/sam0/drivers/sercom/sercom.o
 .debug_abbrev  0x00003776      0x2d8 src/ASF/sam0/drivers/sercom/sercom_interrupt.o
 .debug_abbrev  0x00003a4e      0x510 src/ASF/sam0/drivers/sercom/spi/spi.o
 .debug_abbrev  0x00003f5e      0x3fd src/ASF/sam0/drivers/sercom/spi/spi_interrupt.o
 .debug_abbrev  0x0000435b      0x488 src/ASF/sam0/drivers/sercom/usart/usart.o
 .debug_abbrev  0x000047e3      0x416 src/ASF/sam0/drivers/sercom/usart/usart_interrupt.o
 .debug_abbrev  0x00004bf9      0x493 src/ASF/sam0/drivers/system/clock/clock_samd21_r21_da_ha1/clock.o
 .debug_abbrev  0x0000508c      0x40d src/ASF/sam0/drivers/system/clock/clock_samd21_r21_da_ha1/gclk.o
 .debug_abbrev  0x00005499      0x361 src/ASF/sam0/drivers/system/pinmux/pinmux.o
 .debug_abbrev  0x000057fa      0x1e1 src/ASF/sam0/drivers/system/system.o
 .debug_abbrev  0x000059db      0x234 src/ASF/sam0/utils/cmsis/samd21/source/gcc/startup_samd21.o
 .debug_abbrev  0x00005c0f      0x218 src/ASF/sam0/utils/stdio/read.o
 .debug_abbrev  0x00005e27      0x203 src/ASF/sam0/utils/stdio/write.o
 .debug_abbrev  0x0000602a      0x257 src/ASF/sam0/utils/syscalls/gcc/syscalls.o
 .debug_abbrev  0x00006281      0x400 src/ASF/thirdparty/fatfs/fatfs-port-r0.09/diskio.o
 .debug_abbrev  0x00006681      0x260 src/ASF/thirdparty/fatfs/fatfs-port-r0.09/sam0/fattime_rtc.o
 .debug_abbrev  0x000068e1      0x361 src/ASF/thirdparty/fatfs/fatfs-r0.09/src/ff.o
 .debug_abbrev  0x00006c42       0xc7 src/ASF/thirdparty/fatfs/fatfs-r0.09/src/option/ccsbcs.o
 .debug_abbrev  0x00006d09      0x507 src/BootMain.o

.debug_loc      0x00000000    0x10dc6
 .debug_loc     0x00000000       0xe4 src/ASF/common2/services/delay/sam0/systick_counter.o
 .debug_loc     0x000000e4       0x5e src/Systick/Systick.o
 .debug_loc     0x00000142       0x8a src/ASF/sam0/boards/board_init.o
 .debug_loc     0x000001cc       0xe9 src/ASF/sam0/drivers/dsu/crc32/crc32.o
 .debug_loc     0x000002b5     0x10c4 src/ASF/sam0/drivers/nvm/nvm.o
 .debug_loc     0x00001379      0x2ac src/ASF/sam0/drivers/pac/pac_sam_d_r_h/pac.o
 .debug_loc     0x00001625       0x7d src/SD Card/SdCard.o
 .debug_loc     0x000016a2      0x387 src/SerialConsole/circular_buffer.o
 .debug_loc     0x00001a29      0x40b src/SerialConsole/SerialConsole.o
 .debug_loc     0x00001e34      0xf94 src/ASF/common2/components/memory/sd_mmc/sd_mmc.o
 .debug_loc     0x00002dc8      0x615 src/ASF/common2/components/memory/sd_mmc/sd_mmc_mem.o
 .debug_loc     0x000033dd      0x98f src/ASF/common2/components/memory/sd_mmc/sd_mmc_spi.o
 .debug_loc     0x00003d6c      0x4a8 src/ASF/common/services/storage/ctrl_access/ctrl_access.o
 .debug_loc     0x00004214      0x13d src/ASF/sam0/drivers/port/port.o
 .debug_loc     0x00004351      0x945 src/ASF/sam0/drivers/rtc/rtc_sam_d_r_h/rtc_calendar.o
 .debug_loc     0x00004c96      0x9d5 src/ASF/sam0/drivers/sercom/sercom.o
 .debug_loc     0x0000566b      0x161 src/ASF/sam0/drivers/sercom/sercom_interrupt.o
 .debug_loc     0x000057cc     0x19c3 src/ASF/sam0/drivers/sercom/spi/spi.o
 .debug_loc     0x0000718f      0x632 src/ASF/sam0/drivers/sercom/spi/spi_interrupt.o
 .debug_loc     0x000077c1      0xe2f src/ASF/sam0/drivers/sercom/usart/usart.o
 .debug_loc     0x000085f0      0x711 src/ASF/sam0/drivers/sercom/usart/usart_interrupt.o
 .debug_loc     0x00008d01      0xf7d src/ASF/sam0/drivers/system/clock/clock_samd21_r21_da_ha1/clock.o
 .debug_loc     0x00009c7e      0x504 src/ASF/sam0/drivers/system/clock/clock_samd21_r21_da_ha1/gclk.o
 .debug_loc     0x0000a182      0x36d src/ASF/sam0/drivers/system/pinmux/pinmux.o
 .debug_loc     0x0000a4ef       0x20 src/ASF/sam0/drivers/system/system.o
 .debug_loc     0x0000a50f       0x40 src/ASF/sam0/utils/cmsis/samd21/source/gcc/startup_samd21.o
 .debug_loc     0x0000a54f       0xca src/ASF/sam0/utils/stdio/read.o
 .debug_loc     0x0000a619      0x130 src/ASF/sam0/utils/stdio/write.o
 .debug_loc     0x0000a749       0xef src/ASF/sam0/utils/syscalls/gcc/syscalls.o
 .debug_loc     0x0000a838      0x645 src/ASF/thirdparty/fatfs/fatfs-port-r0.09/diskio.o
 .debug_loc     0x0000ae7d       0x2c src/ASF/thirdparty/fatfs/fatfs-port-r0.09/sam0/fattime_rtc.o
 .debug_loc     0x0000aea9     0x5a94 src/ASF/thirdparty/fatfs/fatfs-r0.09/src/ff.o
 .debug_loc     0x0001093d      0x109 src/ASF/thirdparty/fatfs/fatfs-r0.09/src/option/ccsbcs.o
 .debug_loc     0x00010a46      0x380 src/BootMain.o

.debug_aranges  0x00000000      0xbd8
 .debug_aranges
                0x00000000       0x30 src/ASF/common2/services/delay/sam0/systick_counter.o
 .debug_aranges
                0x00000030       0x30 src/Systick/Systick.o
 .debug_aranges
                0x00000060       0x20 src/ASF/sam0/boards/board_init.o
 .debug_aranges
                0x00000080       0x20 src/ASF/sam0/drivers/dsu/crc32/crc32.o
 .debug_aranges
                0x000000a0       0x68 src/ASF/sam0/drivers/nvm/nvm.o
 .debug_aranges
                0x00000108       0x28 src/ASF/sam0/drivers/pac/pac_sam_d_r_h/pac.o
 .debug_aranges
                0x00000130       0x20 src/SD Card/SdCard.o
 .debug_aranges
                0x00000150       0x70 src/SerialConsole/circular_buffer.o
 .debug_aranges
                0x000001c0       0x70 src/SerialConsole/SerialConsole.o
 .debug_aranges
                0x00000230       0xa8 src/ASF/common2/components/memory/sd_mmc/sd_mmc.o
 .debug_aranges
                0x000002d8       0xc0 src/ASF/common2/components/memory/sd_mmc/sd_mmc_mem.o
 .debug_aranges
                0x00000398       0xb8 src/ASF/common2/components/memory/sd_mmc/sd_mmc_spi.o
 .debug_aranges
                0x00000450       0x70 src/ASF/common/services/storage/ctrl_access/ctrl_access.o
 .debug_aranges
                0x000004c0       0x28 src/ASF/common/utils/interrupt/interrupt_sam_nvic.o
 .debug_aranges
                0x000004e8       0x28 src/ASF/sam0/drivers/port/port.o
 .debug_aranges
                0x00000510       0x78 src/ASF/sam0/drivers/rtc/rtc_sam_d_r_h/rtc_calendar.o
 .debug_aranges
                0x00000588       0x48 src/ASF/sam0/drivers/sercom/sercom.o
 .debug_aranges
                0x000005d0       0x60 src/ASF/sam0/drivers/sercom/sercom_interrupt.o
 .debug_aranges
                0x00000630       0x58 src/ASF/sam0/drivers/sercom/spi/spi.o
 .debug_aranges
                0x00000688       0x50 src/ASF/sam0/drivers/sercom/spi/spi_interrupt.o
 .debug_aranges
                0x000006d8       0x40 src/ASF/sam0/drivers/sercom/usart/usart.o
 .debug_aranges
                0x00000718       0x70 src/ASF/sam0/drivers/sercom/usart/usart_interrupt.o
 .debug_aranges
                0x00000788       0x78 src/ASF/sam0/drivers/system/clock/clock_samd21_r21_da_ha1/clock.o
 .debug_aranges
                0x00000800       0x80 src/ASF/sam0/drivers/system/clock/clock_samd21_r21_da_ha1/gclk.o
 .debug_aranges
                0x00000880       0x40 src/ASF/sam0/drivers/system/pinmux/pinmux.o
 .debug_aranges
                0x000008c0       0x28 src/ASF/sam0/drivers/system/system.o
 .debug_aranges
                0x000008e8       0x28 src/ASF/sam0/utils/cmsis/samd21/source/gcc/startup_samd21.o
 .debug_aranges
                0x00000910       0x20 src/ASF/sam0/utils/stdio/read.o
 .debug_aranges
                0x00000930       0x20 src/ASF/sam0/utils/stdio/write.o
 .debug_aranges
                0x00000950       0x60 src/ASF/sam0/utils/syscalls/gcc/syscalls.o
 .debug_aranges
                0x000009b0       0x40 src/ASF/thirdparty/fatfs/fatfs-port-r0.09/diskio.o
 .debug_aranges
                0x000009f0       0x20 src/ASF/thirdparty/fatfs/fatfs-port-r0.09/sam0/fattime_rtc.o
 .debug_aranges
                0x00000a10      0x170 src/ASF/thirdparty/fatfs/fatfs-r0.09/src/ff.o
 .debug_aranges
                0x00000b80       0x28 src/ASF/thirdparty/fatfs/fatfs-r0.09/src/option/ccsbcs.o
 .debug_aranges
                0x00000ba8       0x30 src/BootMain.o

.debug_ranges   0x00000000     0x11a0
 .debug_ranges  0x00000000       0x50 src/ASF/common2/services/delay/sam0/systick_counter.o
 .debug_ranges  0x00000050       0x20 src/Systick/Systick.o
 .debug_ranges  0x00000070       0x10 src/ASF/sam0/boards/board_init.o
 .debug_ranges  0x00000080       0x10 src/ASF/sam0/drivers/dsu/crc32/crc32.o
 .debug_ranges  0x00000090      0x118 src/ASF/sam0/drivers/nvm/nvm.o
 .debug_ranges  0x000001a8       0x18 src/ASF/sam0/drivers/pac/pac_sam_d_r_h/pac.o
 .debug_ranges  0x000001c0       0x10 src/SD Card/SdCard.o
 .debug_ranges  0x000001d0       0x60 src/SerialConsole/circular_buffer.o
 .debug_ranges  0x00000230       0x60 src/SerialConsole/SerialConsole.o
 .debug_ranges  0x00000290      0x1d8 src/ASF/common2/components/memory/sd_mmc/sd_mmc.o
 .debug_ranges  0x00000468       0xb0 src/ASF/common2/components/memory/sd_mmc/sd_mmc_mem.o
 .debug_ranges  0x00000518       0xa8 src/ASF/common2/components/memory/sd_mmc/sd_mmc_spi.o
 .debug_ranges  0x000005c0       0x60 src/ASF/common/services/storage/ctrl_access/ctrl_access.o
 .debug_ranges  0x00000620       0x18 src/ASF/common/utils/interrupt/interrupt_sam_nvic.o
 .debug_ranges  0x00000638       0x18 src/ASF/sam0/drivers/port/port.o
 .debug_ranges  0x00000650       0xb0 src/ASF/sam0/drivers/rtc/rtc_sam_d_r_h/rtc_calendar.o
 .debug_ranges  0x00000700       0x50 src/ASF/sam0/drivers/sercom/sercom.o
 .debug_ranges  0x00000750       0x50 src/ASF/sam0/drivers/sercom/sercom_interrupt.o
 .debug_ranges  0x000007a0      0x240 src/ASF/sam0/drivers/sercom/spi/spi.o
 .debug_ranges  0x000009e0       0xb8 src/ASF/sam0/drivers/sercom/spi/spi_interrupt.o
 .debug_ranges  0x00000a98      0x140 src/ASF/sam0/drivers/sercom/usart/usart.o
 .debug_ranges  0x00000bd8       0x60 src/ASF/sam0/drivers/sercom/usart/usart_interrupt.o
 .debug_ranges  0x00000c38       0x68 src/ASF/sam0/drivers/system/clock/clock_samd21_r21_da_ha1/clock.o
 .debug_ranges  0x00000ca0       0x88 src/ASF/sam0/drivers/system/clock/clock_samd21_r21_da_ha1/gclk.o
 .debug_ranges  0x00000d28       0x30 src/ASF/sam0/drivers/system/pinmux/pinmux.o
 .debug_ranges  0x00000d58       0x18 src/ASF/sam0/drivers/system/system.o
 .debug_ranges  0x00000d70       0x18 src/ASF/sam0/utils/cmsis/samd21/source/gcc/startup_samd21.o
 .debug_ranges  0x00000d88       0x10 src/ASF/sam0/utils/stdio/read.o
 .debug_ranges  0x00000d98       0x10 src/ASF/sam0/utils/stdio/write.o
 .debug_ranges  0x00000da8       0x50 src/ASF/sam0/utils/syscalls/gcc/syscalls.o
 .debug_ranges  0x00000df8       0x30 src/ASF/thirdparty/fatfs/fatfs-port-r0.09/diskio.o
 .debug_ranges  0x00000e28       0x10 src/ASF/thirdparty/fatfs/fatfs-port-r0.09/sam0/fattime_rtc.o
 .debug_ranges  0x00000e38      0x260 src/ASF/thirdparty/fatfs/fatfs-r0.09/src/ff.o
 .debug_ranges  0x00001098       0x18 src/ASF/thirdparty/fatfs/fatfs-r0.09/src/option/ccsbcs.o
 .debug_ranges  0x000010b0       0xf0 src/BootMain.o

.debug_macro    0x00000000    0x218f8
 .debug_macro   0x00000000      0x539 src/ASF/common2/services/delay/sam0/systick_counter.o
 .debug_macro   0x00000539      0x8d4 src/ASF/common2/services/delay/sam0/systick_counter.o
 .debug_macro   0x00000e0d      0x16d src/ASF/common2/services/delay/sam0/systick_counter.o
 .debug_macro   0x00000f7a      0x6d7 src/ASF/common2/services/delay/sam0/systick_counter.o
 .debug_macro   0x00001651       0x22 src/ASF/common2/services/delay/sam0/systick_counter.o
 .debug_macro   0x00001673       0x87 src/ASF/common2/services/delay/sam0/systick_counter.o
 .debug_macro   0x000016fa       0x51 src/ASF/common2/services/delay/sam0/systick_counter.o
 .debug_macro   0x0000174b       0xef src/ASF/common2/services/delay/sam0/systick_counter.o
 .debug_macro   0x0000183a       0x6a src/ASF/common2/services/delay/sam0/systick_counter.o
 .debug_macro   0x000018a4      0x1df src/ASF/common2/services/delay/sam0/systick_counter.o